[wall=1789950916][simulation=0.000][APP][WINDOW_CREATED][Application][]
[wall=1789950916][simulation=0.000][APP][DX11_READY][Renderer][]
[wall=1789950916][simulation=0.000][APP][HUD_READY][HUDRenderer][smoke=0]
[wall=1789950922][simulation=0.000][MATCH][MINION_WAVE][GameWorld][count_per_team=3]
[wall=1789950922][simulation=0.000][MATCH][START][GameWorld][seed=0xE4511E]
[wall=1789950924][simulation=1.340][COMBAT][PROJECTILE_SPAWN][Red][kind=Ultimate]
[wall=1789950924][simulation=1.720][COMBAT][MINION_DEATH][Blue][attacker=Red]
[wall=1789950924][simulation=1.780][COMBAT][PROJECTILE_SPAWN][Red][kind=Basic]
[wall=1789950934][simulation=11.340][COMBAT][PROJECTILE_SPAWN][Red][kind=Ultimate]
[wall=1789950934][simulation=11.780][COMBAT][PROJECTILE_SPAWN][Red][kind=Basic]
[wall=1789950934][simulation=12.000][MATCH][MINION_WAVE][GameWorld][count_per_team=3]
[wall=1789950941][simulation=18.840][COMBAT][PROJECTILE_SPAWN][Blue][kind=Ultimate]
[wall=1789950946][simulation=24.000][MATCH][MINION_WAVE][GameWorld][count_per_team=3]
[wall=1789950948][simulation=25.190][COMBAT][PROJECTILE_SPAWN][Blue][kind=Basic]
[wall=1789950958][simulation=36.000][MATCH][MINION_WAVE][GameWorld][count_per_team=3]
[wall=1789950965][simulation=43.070][MATCH][TOWER_DESTROYED][Blue][]
[wall=1789950968][simulation=45.720][COMBAT][PROJECTILE_SPAWN][Blue][kind=Ultimate]
[wall=1789950968][simulation=45.750][MATCH][TOWER_DESTROYED][Red][]
[wall=1789950969][simulation=46.250][COMBAT][PROJECTILE_SPAWN][Blue][kind=Basic]
[wall=1789950970][simulation=48.010][MATCH][MINION_WAVE][GameWorld][count_per_team=3]
[wall=1789950979][simulation=56.400][COMBAT][PROJECTILE_SPAWN][Blue][kind=Basic]
[wall=1789950982][simulation=60.010][MATCH][MINION_WAVE][GameWorld][count_per_team=3]
[wall=1789950989][simulation=66.400][COMBAT][PROJECTILE_SPAWN][Blue][kind=Basic]
[wall=1789950991][simulation=68.500][COMBAT][PROJECTILE_SPAWN][Blue][kind=Ultimate]
[wall=1789950991][simulation=68.550][COMBAT][HERO_DEATH][BotHero][attacker=Blue]
[wall=1789950994][simulation=72.010][MATCH][MINION_WAVE][GameWorld][count_per_team=3]
[wall=1789950996][simulation=73.550][COMBAT][HERO_RESPAWN][BotHero][]
[wall=1789950996][simulation=73.610][COMBAT][PROJECTILE_SPAWN][Red][kind=Basic]
[wall=1789950996][simulation=73.610][COMBAT][PROJECTILE_SPAWN][Red][kind=Ultimate]
[wall=1789950996][simulation=73.670][COMBAT][HERO_DEATH][PlayerHero][attacker=Red]
[wall=1789950997][simulation=0.000][APP][EXIT][Application][]
[wall=1789951049][simulation=0.000][APP][WINDOW_CREATED][Application][]
[wall=1789951049][simulation=0.000][APP][DX11_READY][Renderer][]
[wall=1789951049][simulation=0.000][APP][HUD_READY][HUDRenderer][smoke=0]
[wall=1789951052][simulation=0.000][MATCH][MINION_WAVE][GameWorld][count_per_team=3]
[wall=1789951052][simulation=0.000][MATCH][START][GameWorld][seed=0xE4511E]
[wall=1789951053][simulation=0.530][COMBAT][PROJECTILE_SPAWN][Red][kind=Ultimate]
[wall=1789951053][simulation=1.110][COMBAT][MINION_DEATH][Blue][attacker=Red]
[wall=1789951053][simulation=1.250][COMBAT][PROJECTILE_SPAWN][Red][kind=Basic]
[wall=1789951063][simulation=10.530][COMBAT][PROJECTILE_SPAWN][Red][kind=Ultimate]
[wall=1789951063][simulation=11.250][COMBAT][PROJECTILE_SPAWN][Red][kind=Basic]
[wall=1789951064][simulation=12.000][MATCH][MINION_WAVE][GameWorld][count_per_team=3]
[wall=1789951069][simulation=0.000][APP][EXIT][Application][]
[wall=1789951071][simulation=0.000][APP][WINDOW_CREATED][Application][]
[wall=1789951071][simulation=0.000][APP][DX11_READY][Renderer][]
[wall=1789951071][simulation=0.000][APP][HUD_READY][HUDRenderer][smoke=0]
[wall=1789951074][simulation=0.000][MATCH][MINION_WAVE][GameWorld][count_per_team=3]
[wall=1789951074][simulation=0.000][MATCH][START][GameWorld][seed=0xE4511E]
[wall=1789951075][simulation=0.780][COMBAT][PROJECTILE_SPAWN][Red][kind=Ultimate]
[wall=1789951075][simulation=1.300][COMBAT][MINION_DEATH][Blue][attacker=Red]
[wall=1789951075][simulation=1.530][COMBAT][PROJECTILE_SPAWN][Red][kind=Basic]
[wall=1789951085][simulation=10.780][COMBAT][PROJECTILE_SPAWN][Red][kind=Ultimate]
[wall=1789951085][simulation=11.530][COMBAT][PROJECTILE_SPAWN][Red][kind=Basic]
[wall=1789951086][simulation=12.000][MATCH][MINION_WAVE][GameWorld][count_per_team=3]
[wall=1789951098][simulation=24.000][MATCH][MINION_WAVE][GameWorld][count_per_team=3]
[wall=1789951109][simulation=35.110][MATCH][TOWER_DESTROYED][Blue][]
[wall=1789951110][simulation=36.000][MATCH][MINION_WAVE][GameWorld][count_per_team=3]
[wall=1789951120][simulation=46.100][MATCH][TOWER_DESTROYED][Red][]
[wall=1789951122][simulation=48.010][MATCH][MINION_WAVE][GameWorld][count_per_team=3]
[wall=1789951134][simulation=60.010][MATCH][MINION_WAVE][GameWorld][count_per_team=3]
[wall=1789951146][simulation=72.010][MATCH][MINION_WAVE][GameWorld][count_per_team=3]
[wall=1789951158][simulation=84.010][MATCH][MINION_WAVE][GameWorld][count_per_team=3]
[wall=1789951170][simulation=96.010][MATCH][MINION_WAVE][GameWorld][count_per_team=3]
[wall=1789951177][simulation=103.610][COMBAT][PROJECTILE_SPAWN][Blue][kind=Basic]
[wall=1789951181][simulation=107.560][COMBAT][PROJECTILE_SPAWN][Blue][kind=Ultimate]
[wall=1789951182][simulation=108.010][MATCH][MINION_WAVE][GameWorld][count_per_team=3]
[wall=1789951184][simulation=0.000][APP][EXIT][Application][]
[wall=1789951304][simulation=0.000][MATCH][MINION_WAVE][GameWorld][count_per_team=3]
[wall=1789951304][simulation=0.000][MATCH][START][GameWorld][seed=0xE4511E]
[wall=1789951304][simulation=0.000][MATCH][MINION_WAVE][GameWorld][count_per_team=3]
[wall=1789951304][simulation=0.000][MATCH][START][GameWorld][seed=0xE4511E]
[wall=1789951304][simulation=0.010][COMBAT][PROJECTILE_SPAWN][Blue][kind=Basic]
[wall=1789951304][simulation=0.010][COMBAT][PROJECTILE_SPAWN][Blue][kind=Ultimate]
[wall=1789951304][simulation=0.000][MATCH][MINION_WAVE][GameWorld][count_per_team=3]
[wall=1789951304][simulation=0.000][MATCH][START][GameWorld][seed=0xE4511E]
[wall=1789951304][simulation=0.100][COMBAT][PROJECTILE_SPAWN][Red][kind=Basic]
[wall=1789951304][simulation=0.100][COMBAT][PROJECTILE_SPAWN][Red][kind=Ultimate]
[wall=1789951304][simulation=0.000][MATCH][MINION_WAVE][GameWorld][count_per_team=3]
[wall=1789951304][simulation=0.000][MATCH][START][GameWorld][seed=0xE4511E]
[wall=1789951304][simulation=0.000][MATCH][TOWER_DESTROYED][Red][]
[wall=1789951304][simulation=0.780][COMBAT][PROJECTILE_SPAWN][Red][kind=Ultimate]
[wall=1789951304][simulation=1.300][COMBAT][MINION_DEATH][Blue][attacker=Red]
[wall=1789951304][simulation=1.690][COMBAT][PROJECTILE_SPAWN][Red][kind=Basic]
[wall=1789951304][simulation=10.780][COMBAT][PROJECTILE_SPAWN][Red][kind=Ultimate]
[wall=1789951304][simulation=11.690][COMBAT][PROJECTILE_SPAWN][Red][kind=Basic]
[wall=1789951304][simulation=12.000][MATCH][MINION_WAVE][GameWorld][count_per_team=3]
[wall=1789951304][simulation=0.000][MATCH][MINION_WAVE][GameWorld][count_per_team=3]
[wall=1789951304][simulation=0.000][MATCH][START][GameWorld][seed=0xE4511E]
[wall=1789951304][simulation=0.000][MATCH][MINION_WAVE][GameWorld][count_per_team=3]
[wall=1789951304][simulation=0.000][MATCH][START][GameWorld][seed=0xE4511E]
[wall=1789951304][simulation=0.000][COMBAT][MINION_DEATH][Red][attacker=Blue]
[wall=1789951304][simulation=0.000][COMBAT][MINION_DEATH][Red][attacker=Blue]
[wall=1789951304][simulation=0.000][COMBAT][MINION_DEATH][Red][attacker=Blue]
[wall=1789951304][simulation=0.000][COMBAT][MINION_DEATH][Red][attacker=Blue]
[wall=1789951304][simulation=0.000][COMBAT][MINION_DEATH][Red][attacker=Blue]
[wall=1789951304][simulation=0.000][COMBAT][MINION_DEATH][Red][attacker=Blue]
[wall=1789951304][simulation=0.000][COMBAT][MINION_DEATH][Red][attacker=Blue]
[wall=1789951304][simulation=0.000][COMBAT][MINION_DEATH][Red][attacker=Blue]
[wall=1789951304][simulation=0.000][COMBAT][MINION_DEATH][Red][attacker=Blue]
[wall=1789951304][simulation=0.000][COMBAT][MINION_DEATH][Red][attacker=Blue]
[wall=1789951304][simulation=0.000][COMBAT][MINION_DEATH][Red][attacker=Blue]
[wall=1789951304][simulation=0.000][COMBAT][MINION_DEATH][Red][attacker=Blue]
[wall=1789951304][simulation=0.000][COMBAT][MINION_DEATH][Red][attacker=Blue]
[wall=1789951304][simulation=0.000][COMBAT][MINION_DEATH][Red][attacker=Blue]
[wall=1789951304][simulation=0.000][COMBAT][MINION_DEATH][Red][attacker=Blue]
[wall=1789951304][simulation=0.000][COMBAT][MINION_DEATH][Red][attacker=Blue]
[wall=1789951304][simulation=0.000][COMBAT][MINION_DEATH][Red][attacker=Blue]
[wall=1789951304][simulation=0.000][COMBAT][MINION_DEATH][Red][attacker=Blue]
[wall=1789951304][simulation=0.000][COMBAT][MINION_DEATH][Red][attacker=Blue]
[wall=1789951304][simulation=0.000][COMBAT][MINION_DEATH][Red][attacker=Blue]
[wall=1789951304][simulation=0.000][COMBAT][MINION_DEATH][Red][attacker=Blue]
[wall=1789951304][simulation=0.000][COMBAT][MINION_DEATH][Red][attacker=Blue]
[wall=1789951304][simulation=0.000][COMBAT][MINION_DEATH][Red][attacker=Blue]
[wall=1789951304][simulation=0.000][COMBAT][MINION_DEATH][Red][attacker=Blue]
[wall=1789951304][simulation=0.000][COMBAT][MINION_DEATH][Red][attacker=Blue]
[wall=1789951304][simulation=0.000][COMBAT][MINION_DEATH][Red][attacker=Blue]
[wall=1789951304][simulation=0.000][COMBAT][MINION_DEATH][Red][attacker=Blue]
[wall=1789951304][simulation=0.000][COMBAT][MINION_DEATH][Red][attacker=Blue]
[wall=1789951304][simulation=0.000][COMBAT][MINION_DEATH][Red][attacker=Blue]
[wall=1789951304][simulation=0.000][COMBAT][MINION_DEATH][Red][attacker=Blue]
[wall=1789951304][simulation=0.000][COMBAT][MINION_DEATH][Red][attacker=Blue]
[wall=1789951304][simulation=0.000][COMBAT][MINION_DEATH][Red][attacker=Blue]
[wall=1789951304][simulation=0.000][COMBAT][MINION_DEATH][Red][attacker=Blue]
[wall=1789951304][simulation=0.000][COMBAT][MINION_DEATH][Red][attacker=Blue]
[wall=1789951304][simulation=0.000][COMBAT][MINION_DEATH][Red][attacker=Blue]
[wall=1789951304][simulation=0.000][COMBAT][MINION_DEATH][Red][attacker=Blue]
[wall=1789951304][simulation=0.000][COMBAT][MINION_DEATH][Red][attacker=Blue]
[wall=1789951304][simulation=0.000][COMBAT][MINION_DEATH][Red][attacker=Blue]
[wall=1789951304][simulation=0.000][COMBAT][MINION_DEATH][Red][attacker=Blue]
[wall=1789951304][simulation=0.000][COMBAT][MINION_DEATH][Red][attacker=Blue]
[wall=1789951304][simulation=0.000][COMBAT][MINION_DEATH][Red][attacker=Blue]
[wall=1789951304][simulation=0.000][COMBAT][MINION_DEATH][Red][attacker=Blue]
[wall=1789951304][simulation=0.000][COMBAT][MINION_DEATH][Red][attacker=Blue]
[wall=1789951304][simulation=0.000][COMBAT][MINION_DEATH][Red][attacker=Blue]
[wall=1789951304][simulation=0.000][COMBAT][MINION_DEATH][Red][attacker=Blue]
[wall=1789951304][simulation=0.000][COMBAT][MINION_DEATH][Red][attacker=Blue]
[wall=1789951304][simulation=0.000][COMBAT][MINION_DEATH][Red][attacker=Blue]
[wall=1789951304][simulation=0.000][COMBAT][MINION_DEATH][Red][attacker=Blue]
[wall=1789951304][simulation=0.000][COMBAT][MINION_DEATH][Red][attacker=Blue]
[wall=1789951304][simulation=0.000][COMBAT][MINION_DEATH][Red][attacker=Blue]
[wall=1789951304][simulation=0.000][MATCH][MINION_WAVE][GameWorld][count_per_team=3]
[wall=1789951304][simulation=0.000][MATCH][START][GameWorld][seed=0xE4511E]
[wall=1789951304][simulation=0.010][COMBAT][PROJECTILE_SPAWN][Blue][kind=Basic]
[wall=1789951304][simulation=0.010][MATCH][PAUSE][GameWorld][]
[wall=1789951304][simulation=0.010][MATCH][RESUME][GameWorld][]
[wall=1789951304][simulation=0.010][MATCH][BASE_DESTROYED][Red][]
[wall=1789951304][simulation=0.020][MATCH][END][GameWorld][Victory]
[wall=1789951304][simulation=0.000][MATCH][MINION_WAVE][GameWorld][count_per_team=3]
[wall=1789951304][simulation=0.000][MATCH][START][GameWorld][seed=0xE4511E]
[wall=1789951304][simulation=0.010][COMBAT][PROJECTILE_SPAWN][Blue][kind=Basic]
[wall=1789951304][simulation=0.000][MATCH][MINION_WAVE][GameWorld][count_per_team=3]
[wall=1789951304][simulation=0.000][MATCH][START][GameWorld][seed=0xE4511E]
[wall=1789951304][simulation=0.010][COMBAT][PROJECTILE_SPAWN][Blue][kind=Basic]
[wall=1789951304][simulation=0.010][COMBAT][PROJECTILE_SPAWN][Blue][kind=Ultimate]
[wall=1789951304][simulation=0.010][COMBAT][PROJECTILE_SPAWN][Red][kind=Ultimate]
[wall=1789951304][simulation=0.020][COMBAT][PROJECTILE_SPAWN][Blue][kind=Basic]
[wall=1789951304][simulation=0.000][MATCH][MINION_WAVE][GameWorld][count_per_team=3]
[wall=1789951304][simulation=0.000][MATCH][START][GameWorld][seed=0xE4511E]
[wall=1789951304][simulation=0.000][COMBAT][HERO_DEATH][PlayerHero][attacker=Red]
[wall=1789951304][simulation=5.000][COMBAT][HERO_RESPAWN][PlayerHero][]
[wall=1789951304][simulation=5.000][COMBAT][HERO_RESPAWN][BotHero][]
[wall=1789951304][simulation=0.000][MATCH][MINION_WAVE][GameWorld][count_per_team=3]
[wall=1789951304][simulation=0.000][MATCH][START][GameWorld][seed=0xE4511E]
[wall=1789951304][simulation=0.000][MATCH][BASE_DESTROYED][Blue][]
[wall=1789951304][simulation=0.010][MATCH][BASE_DESTROYED][Red][]
[wall=1789951304][simulation=0.010][MATCH][END][GameWorld][Draw]
[wall=1789951304][simulation=0.000][MATCH][MINION_WAVE][GameWorld][count_per_team=3]
[wall=1789951304][simulation=0.000][MATCH][START][GameWorld][seed=0xE4511E]
[wall=1789951304][simulation=0.000][MATCH][BASE_DESTROYED][Blue][]
[wall=1789951304][simulation=0.011][MATCH][BASE_DESTROYED][Red][]
[wall=1789951304][simulation=0.011][MATCH][END][GameWorld][Defeat]
[wall=1789951304][simulation=0.000][MATCH][MINION_WAVE][GameWorld][count_per_team=3]
[wall=1789951304][simulation=0.000][MATCH][START][GameWorld][seed=0xE4511E]
[wall=1789951304][simulation=0.000][MATCH][MINION_WAVE][GameWorld][count_per_team=3]
[wall=1789951304][simulation=0.000][MATCH][START][GameWorld][seed=0xE4511E]
[wall=1789951304][simulation=0.010][COMBAT][PROJECTILE_SPAWN][Blue][kind=Basic]
[wall=1789951304][simulation=0.120][MATCH][BASE_DESTROYED][Red][]
[wall=1789951304][simulation=0.130][MATCH][END][GameWorld][Victory]
[wall=1789951304][simulation=0.000][MATCH][MINION_WAVE][GameWorld][count_per_team=3]
[wall=1789951304][simulation=0.000][MATCH][START][GameWorld][seed=0xE4511E]
[wall=1789951304][simulation=0.000][MATCH][MINION_WAVE][GameWorld][count_per_team=3]
[wall=1789951304][simulation=0.000][MATCH][START][GameWorld][seed=0xE4511E]
[wall=1789951304][simulation=0.010][COMBAT][PROJECTILE_SPAWN][Blue][kind=Basic]
[wall=1789951304][simulation=0.120][MATCH][BASE_DESTROYED][Red][]
[wall=1789951304][simulation=0.130][MATCH][END][GameWorld][Victory]
[wall=1789951304][simulation=0.000][MATCH][MINION_WAVE][GameWorld][count_per_team=3]
[wall=1789951304][simulation=0.000][MATCH][START][GameWorld][seed=0xE4511E]
[wall=1789951304][simulation=0.000][MATCH][MINION_WAVE][GameWorld][count_per_team=3]
[wall=1789951304][simulation=0.000][MATCH][START][GameWorld][seed=0xE4511E]
[wall=1789951304][simulation=0.010][COMBAT][PROJECTILE_SPAWN][Blue][kind=Basic]
[wall=1789951304][simulation=0.120][MATCH][BASE_DESTROYED][Red][]
[wall=1789951304][simulation=0.130][MATCH][END][GameWorld][Victory]
[wall=1789951304][simulation=0.000][MATCH][MINION_WAVE][GameWorld][count_per_team=3]
[wall=1789951304][simulation=0.000][MATCH][START][GameWorld][seed=0xE4511E]
[wall=1789951304][simulation=0.000][MATCH][MINION_WAVE][GameWorld][count_per_team=3]
[wall=1789951304][simulation=0.000][MATCH][START][GameWorld][seed=0xE4511E]
[wall=1789951304][simulation=0.010][COMBAT][PROJECTILE_SPAWN][Blue][kind=Basic]
[wall=1789951304][simulation=0.120][MATCH][BASE_DESTROYED][Red][]
[wall=1789951304][simulation=0.130][MATCH][END][GameWorld][Victory]
[wall=1789951304][simulation=0.000][MATCH][MINION_WAVE][GameWorld][count_per_team=3]
[wall=1789951304][simulation=0.000][MATCH][START][GameWorld][seed=0xE4511E]
[wall=1789951304][simulation=0.000][MATCH][MINION_WAVE][GameWorld][count_per_team=3]
[wall=1789951304][simulation=0.000][MATCH][START][GameWorld][seed=0xE4511E]
[wall=1789951304][simulation=0.010][COMBAT][PROJECTILE_SPAWN][Blue][kind=Basic]
[wall=1789951304][simulation=0.120][MATCH][BASE_DESTROYED][Red][]
[wall=1789951304][simulation=0.130][MATCH][END][GameWorld][Victory]
[wall=1789951304][simulation=0.000][MATCH][MINION_WAVE][GameWorld][count_per_team=3]
[wall=1789951304][simulation=0.000][MATCH][START][GameWorld][seed=0xE4511E]
[wall=1789951304][simulation=0.000][MATCH][MINION_WAVE][GameWorld][count_per_team=3]
[wall=1789951304][simulation=0.000][MATCH][START][GameWorld][seed=0xE4511E]
[wall=1789951304][simulation=0.010][COMBAT][PROJECTILE_SPAWN][Blue][kind=Basic]
[wall=1789951304][simulation=0.120][MATCH][BASE_DESTROYED][Red][]
[wall=1789951304][simulation=0.130][MATCH][END][GameWorld][Victory]
[wall=1789951304][simulation=0.000][MATCH][MINION_WAVE][GameWorld][count_per_team=3]
[wall=1789951304][simulation=0.000][MATCH][START][GameWorld][seed=0xE4511E]
[wall=1789951304][simulation=0.000][MATCH][MINION_WAVE][GameWorld][count_per_team=3]
[wall=1789951304][simulation=0.000][MATCH][START][GameWorld][seed=0xE4511E]
[wall=1789951304][simulation=0.010][COMBAT][PROJECTILE_SPAWN][Blue][kind=Basic]
[wall=1789951304][simulation=0.120][MATCH][BASE_DESTROYED][Red][]
[wall=1789951304][simulation=0.130][MATCH][END][GameWorld][Victory]
[wall=1789951304][simulation=0.000][MATCH][MINION_WAVE][GameWorld][count_per_team=3]
[wall=1789951304][simulation=0.000][MATCH][START][GameWorld][seed=0xE4511E]
[wall=1789951304][simulation=0.000][MATCH][MINION_WAVE][GameWorld][count_per_team=3]
[wall=1789951304][simulation=0.000][MATCH][START][GameWorld][seed=0xE4511E]
[wall=1789951304][simulation=0.010][COMBAT][PROJECTILE_SPAWN][Blue][kind=Basic]
[wall=1789951304][simulation=0.120][MATCH][BASE_DESTROYED][Red][]
[wall=1789951304][simulation=0.130][MATCH][END][GameWorld][Victory]
[wall=1789951304][simulation=0.000][MATCH][MINION_WAVE][GameWorld][count_per_team=3]
[wall=1789951304][simulation=0.000][MATCH][START][GameWorld][seed=0xE4511E]
[wall=1789951304][simulation=0.000][MATCH][MINION_WAVE][GameWorld][count_per_team=3]
[wall=1789951304][simulation=0.000][MATCH][START][GameWorld][seed=0xE4511E]
[wall=1789951304][simulation=0.010][COMBAT][PROJECTILE_SPAWN][Blue][kind=Basic]
[wall=1789951304][simulation=0.120][MATCH][BASE_DESTROYED][Red][]
[wall=1789951304][simulation=0.130][MATCH][END][GameWorld][Victory]
[wall=1789951304][simulation=0.000][MATCH][MINION_WAVE][GameWorld][count_per_team=3]
[wall=1789951304][simulation=0.000][MATCH][START][GameWorld][seed=0xE4511E]
[wall=1789951304][simulation=0.000][MATCH][MINION_WAVE][GameWorld][count_per_team=3]
[wall=1789951304][simulation=0.000][MATCH][START][GameWorld][seed=0xE4511E]
[wall=1789951304][simulation=0.010][COMBAT][PROJECTILE_SPAWN][Blue][kind=Basic]
[wall=1789951304][simulation=0.120][MATCH][BASE_DESTROYED][Red][]
[wall=1789951304][simulation=0.130][MATCH][END][GameWorld][Victory]
[wall=1789951304][simulation=0.000][MATCH][MINION_WAVE][GameWorld][count_per_team=3]
[wall=1789951304][simulation=0.000][MATCH][START][GameWorld][seed=0xE4511E]
[wall=1789951304][simulation=0.000][MATCH][MINION_WAVE][GameWorld][count_per_team=3]
[wall=1789951304][simulation=0.000][MATCH][START][GameWorld][seed=0xE4511E]
[wall=1789951304][simulation=0.120][COMBAT][PROJECTILE_SPAWN][Blue][kind=Basic]
[wall=1789951304][simulation=0.120][COMBAT][PROJECTILE_SPAWN][Blue][kind=Ultimate]
[wall=1789951304][simulation=0.120][COMBAT][PROJECTILE_SPAWN][Red][kind=Basic]
[wall=1789951304][simulation=0.120][COMBAT][PROJECTILE_SPAWN][Red][kind=Ultimate]
[wall=1789951304][simulation=0.180][COMBAT][HERO_DEATH][BotHero][attacker=Blue]
[wall=1789951304][simulation=5.180][COMBAT][HERO_RESPAWN][BotHero][]
[wall=1789951304][simulation=5.190][MATCH][TOWER_DESTROYED][Red][]
[wall=1789951304][simulation=5.200][COMBAT][PROJECTILE_SPAWN][Blue][kind=Basic]
[wall=1789951304][simulation=5.310][MATCH][BASE_DESTROYED][Red][]
[wall=1789951304][simulation=5.320][MATCH][END][GameWorld][Victory]
[wall=1789951304][simulation=0.000][MATCH][MINION_WAVE][GameWorld][count_per_team=3]
[wall=1789951304][simulation=0.000][MATCH][START][GameWorld][seed=0xE4511E]
[wall=1789951307][simulation=0.000][MATCH][MINION_WAVE][GameWorld][count_per_team=3]
[wall=1789951307][simulation=0.000][MATCH][START][GameWorld][seed=0xE4511E]
[wall=1789951307][simulation=0.000][MATCH][MINION_WAVE][GameWorld][count_per_team=3]
[wall=1789951307][simulation=0.000][MATCH][START][GameWorld][seed=0xE4511E]
[wall=1789951307][simulation=0.010][COMBAT][PROJECTILE_SPAWN][Blue][kind=Basic]
[wall=1789951307][simulation=0.010][COMBAT][PROJECTILE_SPAWN][Blue][kind=Ultimate]
[wall=1789951307][simulation=0.000][MATCH][MINION_WAVE][GameWorld][count_per_team=3]
[wall=1789951307][simulation=0.000][MATCH][START][GameWorld][seed=0xE4511E]
[wall=1789951307][simulation=0.100][COMBAT][PROJECTILE_SPAWN][Red][kind=Basic]
[wall=1789951307][simulation=0.100][COMBAT][PROJECTILE_SPAWN][Red][kind=Ultimate]
[wall=1789951307][simulation=0.000][MATCH][MINION_WAVE][GameWorld][count_per_team=3]
[wall=1789951307][simulation=0.000][MATCH][START][GameWorld][seed=0xE4511E]
[wall=1789951307][simulation=0.000][MATCH][TOWER_DESTROYED][Red][]
[wall=1789951307][simulation=0.780][COMBAT][PROJECTILE_SPAWN][Red][kind=Ultimate]
[wall=1789951307][simulation=1.300][COMBAT][MINION_DEATH][Blue][attacker=Red]
[wall=1789951307][simulation=1.690][COMBAT][PROJECTILE_SPAWN][Red][kind=Basic]
[wall=1789951307][simulation=10.780][COMBAT][PROJECTILE_SPAWN][Red][kind=Ultimate]
[wall=1789951307][simulation=11.690][COMBAT][PROJECTILE_SPAWN][Red][kind=Basic]
[wall=1789951307][simulation=12.000][MATCH][MINION_WAVE][GameWorld][count_per_team=3]
[wall=1789951307][simulation=0.000][MATCH][MINION_WAVE][GameWorld][count_per_team=3]
[wall=1789951307][simulation=0.000][MATCH][START][GameWorld][seed=0xE4511E]
[wall=1789951307][simulation=0.000][MATCH][MINION_WAVE][GameWorld][count_per_team=3]
[wall=1789951307][simulation=0.000][MATCH][START][GameWorld][seed=0xE4511E]
[wall=1789951307][simulation=0.000][COMBAT][MINION_DEATH][Red][attacker=Blue]
[wall=1789951307][simulation=0.000][COMBAT][MINION_DEATH][Red][attacker=Blue]
[wall=1789951307][simulation=0.000][COMBAT][MINION_DEATH][Red][attacker=Blue]
[wall=1789951307][simulation=0.000][COMBAT][MINION_DEATH][Red][attacker=Blue]
[wall=1789951307][simulation=0.000][COMBAT][MINION_DEATH][Red][attacker=Blue]
[wall=1789951307][simulation=0.000][COMBAT][MINION_DEATH][Red][attacker=Blue]
[wall=1789951307][simulation=0.000][COMBAT][MINION_DEATH][Red][attacker=Blue]
[wall=1789951307][simulation=0.000][COMBAT][MINION_DEATH][Red][attacker=Blue]
[wall=1789951307][simulation=0.000][COMBAT][MINION_DEATH][Red][attacker=Blue]
[wall=1789951307][simulation=0.000][COMBAT][MINION_DEATH][Red][attacker=Blue]
[wall=1789951307][simulation=0.000][COMBAT][MINION_DEATH][Red][attacker=Blue]
[wall=1789951307][simulation=0.000][COMBAT][MINION_DEATH][Red][attacker=Blue]
[wall=1789951307][simulation=0.000][COMBAT][MINION_DEATH][Red][attacker=Blue]
[wall=1789951307][simulation=0.000][COMBAT][MINION_DEATH][Red][attacker=Blue]
[wall=1789951307][simulation=0.000][COMBAT][MINION_DEATH][Red][attacker=Blue]
[wall=1789951307][simulation=0.000][COMBAT][MINION_DEATH][Red][attacker=Blue]
[wall=1789951307][simulation=0.000][COMBAT][MINION_DEATH][Red][attacker=Blue]
[wall=1789951307][simulation=0.000][COMBAT][MINION_DEATH][Red][attacker=Blue]
[wall=1789951307][simulation=0.000][COMBAT][MINION_DEATH][Red][attacker=Blue]
[wall=1789951307][simulation=0.000][COMBAT][MINION_DEATH][Red][attacker=Blue]
[wall=1789951307][simulation=0.000][COMBAT][MINION_DEATH][Red][attacker=Blue]
[wall=1789951307][simulation=0.000][COMBAT][MINION_DEATH][Red][attacker=Blue]
[wall=1789951307][simulation=0.000][COMBAT][MINION_DEATH][Red][attacker=Blue]
[wall=1789951307][simulation=0.000][COMBAT][MINION_DEATH][Red][attacker=Blue]
[wall=1789951307][simulation=0.000][COMBAT][MINION_DEATH][Red][attacker=Blue]
[wall=1789951307][simulation=0.000][COMBAT][MINION_DEATH][Red][attacker=Blue]
[wall=1789951307][simulation=0.000][COMBAT][MINION_DEATH][Red][attacker=Blue]
[wall=1789951307][simulation=0.000][COMBAT][MINION_DEATH][Red][attacker=Blue]
[wall=1789951307][simulation=0.000][COMBAT][MINION_DEATH][Red][attacker=Blue]
[wall=1789951307][simulation=0.000][COMBAT][MINION_DEATH][Red][attacker=Blue]
[wall=1789951307][simulation=0.000][COMBAT][MINION_DEATH][Red][attacker=Blue]
[wall=1789951307][simulation=0.000][COMBAT][MINION_DEATH][Red][attacker=Blue]
[wall=1789951307][simulation=0.000][COMBAT][MINION_DEATH][Red][attacker=Blue]
[wall=1789951307][simulation=0.000][COMBAT][MINION_DEATH][Red][attacker=Blue]
[wall=1789951307][simulation=0.000][COMBAT][MINION_DEATH][Red][attacker=Blue]
[wall=1789951307][simulation=0.000][COMBAT][MINION_DEATH][Red][attacker=Blue]
[wall=1789951307][simulation=0.000][COMBAT][MINION_DEATH][Red][attacker=Blue]
[wall=1789951307][simulation=0.000][COMBAT][MINION_DEATH][Red][attacker=Blue]
[wall=1789951307][simulation=0.000][COMBAT][MINION_DEATH][Red][attacker=Blue]
[wall=1789951307][simulation=0.000][COMBAT][MINION_DEATH][Red][attacker=Blue]
[wall=1789951307][simulation=0.000][COMBAT][MINION_DEATH][Red][attacker=Blue]
[wall=1789951307][simulation=0.000][COMBAT][MINION_DEATH][Red][attacker=Blue]
[wall=1789951307][simulation=0.000][COMBAT][MINION_DEATH][Red][attacker=Blue]
[wall=1789951307][simulation=0.000][COMBAT][MINION_DEATH][Red][attacker=Blue]
[wall=1789951307][simulation=0.000][COMBAT][MINION_DEATH][Red][attacker=Blue]
[wall=1789951307][simulation=0.000][COMBAT][MINION_DEATH][Red][attacker=Blue]
[wall=1789951307][simulation=0.000][COMBAT][MINION_DEATH][Red][attacker=Blue]
[wall=1789951307][simulation=0.000][COMBAT][MINION_DEATH][Red][attacker=Blue]
[wall=1789951307][simulation=0.000][COMBAT][MINION_DEATH][Red][attacker=Blue]
[wall=1789951307][simulation=0.000][COMBAT][MINION_DEATH][Red][attacker=Blue]
[wall=1789951307][simulation=0.000][MATCH][MINION_WAVE][GameWorld][count_per_team=3]
[wall=1789951307][simulation=0.000][MATCH][START][GameWorld][seed=0xE4511E]
[wall=1789951307][simulation=0.010][COMBAT][PROJECTILE_SPAWN][Blue][kind=Basic]
[wall=1789951307][simulation=0.010][MATCH][PAUSE][GameWorld][]
[wall=1789951307][simulation=0.010][MATCH][RESUME][GameWorld][]
[wall=1789951307][simulation=0.010][MATCH][BASE_DESTROYED][Red][]
[wall=1789951307][simulation=0.020][MATCH][END][GameWorld][Victory]
[wall=1789951307][simulation=0.000][MATCH][MINION_WAVE][GameWorld][count_per_team=3]
[wall=1789951307][simulation=0.000][MATCH][START][GameWorld][seed=0xE4511E]
[wall=1789951307][simulation=0.010][COMBAT][PROJECTILE_SPAWN][Blue][kind=Basic]
[wall=1789951307][simulation=0.000][MATCH][MINION_WAVE][GameWorld][count_per_team=3]
[wall=1789951307][simulation=0.000][MATCH][START][GameWorld][seed=0xE4511E]
[wall=1789951307][simulation=0.010][COMBAT][PROJECTILE_SPAWN][Blue][kind=Basic]
[wall=1789951307][simulation=0.010][COMBAT][PROJECTILE_SPAWN][Blue][kind=Ultimate]
[wall=1789951307][simulation=0.010][COMBAT][PROJECTILE_SPAWN][Red][kind=Ultimate]
[wall=1789951307][simulation=0.020][COMBAT][PROJECTILE_SPAWN][Blue][kind=Basic]
[wall=1789951307][simulation=0.000][MATCH][MINION_WAVE][GameWorld][count_per_team=3]
[wall=1789951307][simulation=0.000][MATCH][START][GameWorld][seed=0xE4511E]
[wall=1789951307][simulation=0.000][COMBAT][HERO_DEATH][PlayerHero][attacker=Red]
[wall=1789951307][simulation=5.000][COMBAT][HERO_RESPAWN][PlayerHero][]
[wall=1789951307][simulation=5.000][COMBAT][HERO_RESPAWN][BotHero][]
[wall=1789951307][simulation=0.000][MATCH][MINION_WAVE][GameWorld][count_per_team=3]
[wall=1789951307][simulation=0.000][MATCH][START][GameWorld][seed=0xE4511E]
[wall=1789951307][simulation=0.000][MATCH][BASE_DESTROYED][Blue][]
[wall=1789951307][simulation=0.010][MATCH][BASE_DESTROYED][Red][]
[wall=1789951307][simulation=0.010][MATCH][END][GameWorld][Draw]
[wall=1789951307][simulation=0.000][MATCH][MINION_WAVE][GameWorld][count_per_team=3]
[wall=1789951307][simulation=0.000][MATCH][START][GameWorld][seed=0xE4511E]
[wall=1789951307][simulation=0.000][MATCH][BASE_DESTROYED][Blue][]
[wall=1789951307][simulation=0.011][MATCH][BASE_DESTROYED][Red][]
[wall=1789951307][simulation=0.011][MATCH][END][GameWorld][Defeat]
[wall=1789951307][simulation=0.000][MATCH][MINION_WAVE][GameWorld][count_per_team=3]
[wall=1789951307][simulation=0.000][MATCH][START][GameWorld][seed=0xE4511E]
[wall=1789951307][simulation=0.000][MATCH][MINION_WAVE][GameWorld][count_per_team=3]
[wall=1789951307][simulation=0.000][MATCH][START][GameWorld][seed=0xE4511E]
[wall=1789951307][simulation=0.010][COMBAT][PROJECTILE_SPAWN][Blue][kind=Basic]
[wall=1789951307][simulation=0.120][MATCH][BASE_DESTROYED][Red][]
[wall=1789951307][simulation=0.130][MATCH][END][GameWorld][Victory]
[wall=1789951307][simulation=0.000][MATCH][MINION_WAVE][GameWorld][count_per_team=3]
[wall=1789951307][simulation=0.000][MATCH][START][GameWorld][seed=0xE4511E]
[wall=1789951307][simulation=0.000][MATCH][MINION_WAVE][GameWorld][count_per_team=3]
[wall=1789951307][simulation=0.000][MATCH][START][GameWorld][seed=0xE4511E]
[wall=1789951307][simulation=0.010][COMBAT][PROJECTILE_SPAWN][Blue][kind=Basic]
[wall=1789951307][simulation=0.120][MATCH][BASE_DESTROYED][Red][]
[wall=1789951307][simulation=0.130][MATCH][END][GameWorld][Victory]
[wall=1789951307][simulation=0.000][MATCH][MINION_WAVE][GameWorld][count_per_team=3]
[wall=1789951307][simulation=0.000][MATCH][START][GameWorld][seed=0xE4511E]
[wall=1789951307][simulation=0.000][MATCH][MINION_WAVE][GameWorld][count_per_team=3]
[wall=1789951307][simulation=0.000][MATCH][START][GameWorld][seed=0xE4511E]
[wall=1789951307][simulation=0.010][COMBAT][PROJECTILE_SPAWN][Blue][kind=Basic]
[wall=1789951307][simulation=0.120][MATCH][BASE_DESTROYED][Red][]
[wall=1789951307][simulation=0.130][MATCH][END][GameWorld][Victory]
[wall=1789951307][simulation=0.000][MATCH][MINION_WAVE][GameWorld][count_per_team=3]
[wall=1789951307][simulation=0.000][MATCH][START][GameWorld][seed=0xE4511E]
[wall=1789951307][simulation=0.000][MATCH][MINION_WAVE][GameWorld][count_per_team=3]
[wall=1789951307][simulation=0.000][MATCH][START][GameWorld][seed=0xE4511E]
[wall=1789951307][simulation=0.010][COMBAT][PROJECTILE_SPAWN][Blue][kind=Basic]
[wall=1789951307][simulation=0.120][MATCH][BASE_DESTROYED][Red][]
[wall=1789951307][simulation=0.130][MATCH][END][GameWorld][Victory]
[wall=1789951307][simulation=0.000][MATCH][MINION_WAVE][GameWorld][count_per_team=3]
[wall=1789951307][simulation=0.000][MATCH][START][GameWorld][seed=0xE4511E]
[wall=1789951307][simulation=0.000][MATCH][MINION_WAVE][GameWorld][count_per_team=3]
[wall=1789951307][simulation=0.000][MATCH][START][GameWorld][seed=0xE4511E]
[wall=1789951307][simulation=0.010][COMBAT][PROJECTILE_SPAWN][Blue][kind=Basic]
[wall=1789951307][simulation=0.120][MATCH][BASE_DESTROYED][Red][]
[wall=1789951307][simulation=0.130][MATCH][END][GameWorld][Victory]
[wall=1789951307][simulation=0.000][MATCH][MINION_WAVE][GameWorld][count_per_team=3]
[wall=1789951307][simulation=0.000][MATCH][START][GameWorld][seed=0xE4511E]
[wall=1789951307][simulation=0.000][MATCH][MINION_WAVE][GameWorld][count_per_team=3]
[wall=1789951307][simulation=0.000][MATCH][START][GameWorld][seed=0xE4511E]
[wall=1789951307][simulation=0.010][COMBAT][PROJECTILE_SPAWN][Blue][kind=Basic]
[wall=1789951307][simulation=0.120][MATCH][BASE_DESTROYED][Red][]
[wall=1789951307][simulation=0.130][MATCH][END][GameWorld][Victory]
[wall=1789951307][simulation=0.000][MATCH][MINION_WAVE][GameWorld][count_per_team=3]
[wall=1789951307][simulation=0.000][MATCH][START][GameWorld][seed=0xE4511E]
[wall=1789951307][simulation=0.000][MATCH][MINION_WAVE][GameWorld][count_per_team=3]
[wall=1789951307][simulation=0.000][MATCH][START][GameWorld][seed=0xE4511E]
[wall=1789951307][simulation=0.010][COMBAT][PROJECTILE_SPAWN][Blue][kind=Basic]
[wall=1789951307][simulation=0.120][MATCH][BASE_DESTROYED][Red][]
[wall=1789951307][simulation=0.130][MATCH][END][GameWorld][Victory]
[wall=1789951307][simulation=0.000][MATCH][MINION_WAVE][GameWorld][count_per_team=3]
[wall=1789951307][simulation=0.000][MATCH][START][GameWorld][seed=0xE4511E]
[wall=1789951307][simulation=0.000][MATCH][MINION_WAVE][GameWorld][count_per_team=3]
[wall=1789951307][simulation=0.000][MATCH][START][GameWorld][seed=0xE4511E]
[wall=1789951307][simulation=0.010][COMBAT][PROJECTILE_SPAWN][Blue][kind=Basic]
[wall=1789951307][simulation=0.120][MATCH][BASE_DESTROYED][Red][]
[wall=1789951307][simulation=0.130][MATCH][END][GameWorld][Victory]
[wall=1789951307][simulation=0.000][MATCH][MINION_WAVE][GameWorld][count_per_team=3]
[wall=1789951307][simulation=0.000][MATCH][START][GameWorld][seed=0xE4511E]
[wall=1789951307][simulation=0.000][MATCH][MINION_WAVE][GameWorld][count_per_team=3]
[wall=1789951307][simulation=0.000][MATCH][START][GameWorld][seed=0xE4511E]
[wall=1789951307][simulation=0.010][COMBAT][PROJECTILE_SPAWN][Blue][kind=Basic]
[wall=1789951307][simulation=0.120][MATCH][BASE_DESTROYED][Red][]
[wall=1789951307][simulation=0.130][MATCH][END][GameWorld][Victory]
[wall=1789951307][simulation=0.000][MATCH][MINION_WAVE][GameWorld][count_per_team=3]
[wall=1789951307][simulation=0.000][MATCH][START][GameWorld][seed=0xE4511E]
[wall=1789951307][simulation=0.000][MATCH][MINION_WAVE][GameWorld][count_per_team=3]
[wall=1789951307][simulation=0.000][MATCH][START][GameWorld][seed=0xE4511E]
[wall=1789951307][simulation=0.010][COMBAT][PROJECTILE_SPAWN][Blue][kind=Basic]
[wall=1789951307][simulation=0.120][MATCH][BASE_DESTROYED][Red][]
[wall=1789951307][simulation=0.130][MATCH][END][GameWorld][Victory]
[wall=1789951307][simulation=0.000][MATCH][MINION_WAVE][GameWorld][count_per_team=3]
[wall=1789951307][simulation=0.000][MATCH][START][GameWorld][seed=0xE4511E]
[wall=1789951307][simulation=0.000][MATCH][MINION_WAVE][GameWorld][count_per_team=3]
[wall=1789951307][simulation=0.000][MATCH][START][GameWorld][seed=0xE4511E]
[wall=1789951307][simulation=0.120][COMBAT][PROJECTILE_SPAWN][Blue][kind=Basic]
[wall=1789951307][simulation=0.120][COMBAT][PROJECTILE_SPAWN][Blue][kind=Ultimate]
[wall=1789951307][simulation=0.120][COMBAT][PROJECTILE_SPAWN][Red][kind=Basic]
[wall=1789951307][simulation=0.120][COMBAT][PROJECTILE_SPAWN][Red][kind=Ultimate]
[wall=1789951307][simulation=0.180][COMBAT][HERO_DEATH][BotHero][attacker=Blue]
[wall=1789951307][simulation=5.180][COMBAT][HERO_RESPAWN][BotHero][]
[wall=1789951307][simulation=5.190][MATCH][TOWER_DESTROYED][Red][]
[wall=1789951307][simulation=5.200][COMBAT][PROJECTILE_SPAWN][Blue][kind=Basic]
[wall=1789951307][simulation=5.310][MATCH][BASE_DESTROYED][Red][]
[wall=1789951307][simulation=5.320][MATCH][END][GameWorld][Victory]
[wall=1789951307][simulation=0.000][MATCH][MINION_WAVE][GameWorld][count_per_team=3]
[wall=1789951307][simulation=0.000][MATCH][START][GameWorld][seed=0xE4511E]
[wall=1789951308][simulation=0.000][MATCH][MINION_WAVE][GameWorld][count_per_team=3]
[wall=1789951308][simulation=0.000][MATCH][START][GameWorld][seed=0xE4511E]
[wall=1789951308][simulation=0.000][MATCH][MINION_WAVE][GameWorld][count_per_team=3]
[wall=1789951308][simulation=0.000][MATCH][START][GameWorld][seed=0xE4511E]
[wall=1789951308][simulation=0.010][COMBAT][PROJECTILE_SPAWN][Blue][kind=Basic]
[wall=1789951308][simulation=0.010][COMBAT][PROJECTILE_SPAWN][Blue][kind=Ultimate]
[wall=1789951308][simulation=0.000][MATCH][MINION_WAVE][GameWorld][count_per_team=3]
[wall=1789951308][simulation=0.000][MATCH][START][GameWorld][seed=0xE4511E]
[wall=1789951308][simulation=0.100][COMBAT][PROJECTILE_SPAWN][Red][kind=Basic]
[wall=1789951308][simulation=0.100][COMBAT][PROJECTILE_SPAWN][Red][kind=Ultimate]
[wall=1789951308][simulation=0.000][MATCH][MINION_WAVE][GameWorld][count_per_team=3]
[wall=1789951308][simulation=0.000][MATCH][START][GameWorld][seed=0xE4511E]
[wall=1789951308][simulation=0.000][MATCH][TOWER_DESTROYED][Red][]
[wall=1789951308][simulation=0.780][COMBAT][PROJECTILE_SPAWN][Red][kind=Ultimate]
[wall=1789951308][simulation=1.300][COMBAT][MINION_DEATH][Blue][attacker=Red]
[wall=1789951308][simulation=1.690][COMBAT][PROJECTILE_SPAWN][Red][kind=Basic]
[wall=1789951308][simulation=10.780][COMBAT][PROJECTILE_SPAWN][Red][kind=Ultimate]
[wall=1789951308][simulation=11.690][COMBAT][PROJECTILE_SPAWN][Red][kind=Basic]
[wall=1789951308][simulation=12.000][MATCH][MINION_WAVE][GameWorld][count_per_team=3]
[wall=1789951308][simulation=0.000][MATCH][MINION_WAVE][GameWorld][count_per_team=3]
[wall=1789951308][simulation=0.000][MATCH][START][GameWorld][seed=0xE4511E]
[wall=1789951308][simulation=0.000][MATCH][MINION_WAVE][GameWorld][count_per_team=3]
[wall=1789951308][simulation=0.000][MATCH][START][GameWorld][seed=0xE4511E]
[wall=1789951308][simulation=0.000][COMBAT][MINION_DEATH][Red][attacker=Blue]
[wall=1789951308][simulation=0.000][COMBAT][MINION_DEATH][Red][attacker=Blue]
[wall=1789951308][simulation=0.000][COMBAT][MINION_DEATH][Red][attacker=Blue]
[wall=1789951308][simulation=0.000][COMBAT][MINION_DEATH][Red][attacker=Blue]
[wall=1789951308][simulation=0.000][COMBAT][MINION_DEATH][Red][attacker=Blue]
[wall=1789951308][simulation=0.000][COMBAT][MINION_DEATH][Red][attacker=Blue]
[wall=1789951308][simulation=0.000][COMBAT][MINION_DEATH][Red][attacker=Blue]
[wall=1789951308][simulation=0.000][COMBAT][MINION_DEATH][Red][attacker=Blue]
[wall=1789951308][simulation=0.000][COMBAT][MINION_DEATH][Red][attacker=Blue]
[wall=1789951308][simulation=0.000][COMBAT][MINION_DEATH][Red][attacker=Blue]
[wall=1789951308][simulation=0.000][COMBAT][MINION_DEATH][Red][attacker=Blue]
[wall=1789951308][simulation=0.000][COMBAT][MINION_DEATH][Red][attacker=Blue]
[wall=1789951308][simulation=0.000][COMBAT][MINION_DEATH][Red][attacker=Blue]
[wall=1789951308][simulation=0.000][COMBAT][MINION_DEATH][Red][attacker=Blue]
[wall=1789951308][simulation=0.000][COMBAT][MINION_DEATH][Red][attacker=Blue]
[wall=1789951308][simulation=0.000][COMBAT][MINION_DEATH][Red][attacker=Blue]
[wall=1789951308][simulation=0.000][COMBAT][MINION_DEATH][Red][attacker=Blue]
[wall=1789951308][simulation=0.000][COMBAT][MINION_DEATH][Red][attacker=Blue]
[wall=1789951308][simulation=0.000][COMBAT][MINION_DEATH][Red][attacker=Blue]
[wall=1789951308][simulation=0.000][COMBAT][MINION_DEATH][Red][attacker=Blue]
[wall=1789951308][simulation=0.000][COMBAT][MINION_DEATH][Red][attacker=Blue]
[wall=1789951308][simulation=0.000][COMBAT][MINION_DEATH][Red][attacker=Blue]
[wall=1789951308][simulation=0.000][COMBAT][MINION_DEATH][Red][attacker=Blue]
[wall=1789951308][simulation=0.000][COMBAT][MINION_DEATH][Red][attacker=Blue]
[wall=1789951308][simulation=0.000][COMBAT][MINION_DEATH][Red][attacker=Blue]
[wall=1789951308][simulation=0.000][COMBAT][MINION_DEATH][Red][attacker=Blue]
[wall=1789951308][simulation=0.000][COMBAT][MINION_DEATH][Red][attacker=Blue]
[wall=1789951308][simulation=0.000][COMBAT][MINION_DEATH][Red][attacker=Blue]
[wall=1789951308][simulation=0.000][COMBAT][MINION_DEATH][Red][attacker=Blue]
[wall=1789951308][simulation=0.000][COMBAT][MINION_DEATH][Red][attacker=Blue]
[wall=1789951308][simulation=0.000][COMBAT][MINION_DEATH][Red][attacker=Blue]
[wall=1789951308][simulation=0.000][COMBAT][MINION_DEATH][Red][attacker=Blue]
[wall=1789951308][simulation=0.000][COMBAT][MINION_DEATH][Red][attacker=Blue]
[wall=1789951308][simulation=0.000][COMBAT][MINION_DEATH][Red][attacker=Blue]
[wall=1789951308][simulation=0.000][COMBAT][MINION_DEATH][Red][attacker=Blue]
[wall=1789951308][simulation=0.000][COMBAT][MINION_DEATH][Red][attacker=Blue]
[wall=1789951308][simulation=0.000][COMBAT][MINION_DEATH][Red][attacker=Blue]
[wall=1789951308][simulation=0.000][COMBAT][MINION_DEATH][Red][attacker=Blue]
[wall=1789951308][simulation=0.000][COMBAT][MINION_DEATH][Red][attacker=Blue]
[wall=1789951308][simulation=0.000][COMBAT][MINION_DEATH][Red][attacker=Blue]
[wall=1789951308][simulation=0.000][COMBAT][MINION_DEATH][Red][attacker=Blue]
[wall=1789951308][simulation=0.000][COMBAT][MINION_DEATH][Red][attacker=Blue]
[wall=1789951308][simulation=0.000][COMBAT][MINION_DEATH][Red][attacker=Blue]
[wall=1789951308][simulation=0.000][COMBAT][MINION_DEATH][Red][attacker=Blue]
[wall=1789951308][simulation=0.000][COMBAT][MINION_DEATH][Red][attacker=Blue]
[wall=1789951308][simulation=0.000][COMBAT][MINION_DEATH][Red][attacker=Blue]
[wall=1789951308][simulation=0.000][COMBAT][MINION_DEATH][Red][attacker=Blue]
[wall=1789951308][simulation=0.000][COMBAT][MINION_DEATH][Red][attacker=Blue]
[wall=1789951308][simulation=0.000][COMBAT][MINION_DEATH][Red][attacker=Blue]
[wall=1789951308][simulation=0.000][COMBAT][MINION_DEATH][Red][attacker=Blue]
[wall=1789951308][simulation=0.000][MATCH][MINION_WAVE][GameWorld][count_per_team=3]
[wall=1789951308][simulation=0.000][MATCH][START][GameWorld][seed=0xE4511E]
[wall=1789951308][simulation=0.010][COMBAT][PROJECTILE_SPAWN][Blue][kind=Basic]
[wall=1789951308][simulation=0.010][MATCH][PAUSE][GameWorld][]
[wall=1789951308][simulation=0.010][MATCH][RESUME][GameWorld][]
[wall=1789951308][simulation=0.010][MATCH][BASE_DESTROYED][Red][]
[wall=1789951308][simulation=0.020][MATCH][END][GameWorld][Victory]
[wall=1789951308][simulation=0.000][MATCH][MINION_WAVE][GameWorld][count_per_team=3]
[wall=1789951308][simulation=0.000][MATCH][START][GameWorld][seed=0xE4511E]
[wall=1789951308][simulation=0.010][COMBAT][PROJECTILE_SPAWN][Blue][kind=Basic]
[wall=1789951308][simulation=0.000][MATCH][MINION_WAVE][GameWorld][count_per_team=3]
[wall=1789951308][simulation=0.000][MATCH][START][GameWorld][seed=0xE4511E]
[wall=1789951308][simulation=0.010][COMBAT][PROJECTILE_SPAWN][Blue][kind=Basic]
[wall=1789951308][simulation=0.010][COMBAT][PROJECTILE_SPAWN][Blue][kind=Ultimate]
[wall=1789951308][simulation=0.010][COMBAT][PROJECTILE_SPAWN][Red][kind=Ultimate]
[wall=1789951308][simulation=0.020][COMBAT][PROJECTILE_SPAWN][Blue][kind=Basic]
[wall=1789951308][simulation=0.000][MATCH][MINION_WAVE][GameWorld][count_per_team=3]
[wall=1789951308][simulation=0.000][MATCH][START][GameWorld][seed=0xE4511E]
[wall=1789951308][simulation=0.000][COMBAT][HERO_DEATH][PlayerHero][attacker=Red]
[wall=1789951308][simulation=5.000][COMBAT][HERO_RESPAWN][PlayerHero][]
[wall=1789951308][simulation=5.000][COMBAT][HERO_RESPAWN][BotHero][]
[wall=1789951308][simulation=0.000][MATCH][MINION_WAVE][GameWorld][count_per_team=3]
[wall=1789951308][simulation=0.000][MATCH][START][GameWorld][seed=0xE4511E]
[wall=1789951308][simulation=0.000][MATCH][BASE_DESTROYED][Blue][]
[wall=1789951308][simulation=0.010][MATCH][BASE_DESTROYED][Red][]
[wall=1789951308][simulation=0.010][MATCH][END][GameWorld][Draw]
[wall=1789951308][simulation=0.000][MATCH][MINION_WAVE][GameWorld][count_per_team=3]
[wall=1789951308][simulation=0.000][MATCH][START][GameWorld][seed=0xE4511E]
[wall=1789951308][simulation=0.000][MATCH][BASE_DESTROYED][Blue][]
[wall=1789951308][simulation=0.011][MATCH][BASE_DESTROYED][Red][]
[wall=1789951308][simulation=0.011][MATCH][END][GameWorld][Defeat]
[wall=1789951308][simulation=0.000][MATCH][MINION_WAVE][GameWorld][count_per_team=3]
[wall=1789951308][simulation=0.000][MATCH][START][GameWorld][seed=0xE4511E]
[wall=1789951308][simulation=0.000][MATCH][MINION_WAVE][GameWorld][count_per_team=3]
[wall=1789951308][simulation=0.000][MATCH][START][GameWorld][seed=0xE4511E]
[wall=1789951308][simulation=0.010][COMBAT][PROJECTILE_SPAWN][Blue][kind=Basic]
[wall=1789951308][simulation=0.120][MATCH][BASE_DESTROYED][Red][]
[wall=1789951308][simulation=0.130][MATCH][END][GameWorld][Victory]
[wall=1789951308][simulation=0.000][MATCH][MINION_WAVE][GameWorld][count_per_team=3]
[wall=1789951308][simulation=0.000][MATCH][START][GameWorld][seed=0xE4511E]
[wall=1789951308][simulation=0.000][MATCH][MINION_WAVE][GameWorld][count_per_team=3]
[wall=1789951308][simulation=0.000][MATCH][START][GameWorld][seed=0xE4511E]
[wall=1789951308][simulation=0.010][COMBAT][PROJECTILE_SPAWN][Blue][kind=Basic]
[wall=1789951308][simulation=0.120][MATCH][BASE_DESTROYED][Red][]
[wall=1789951308][simulation=0.130][MATCH][END][GameWorld][Victory]
[wall=1789951308][simulation=0.000][MATCH][MINION_WAVE][GameWorld][count_per_team=3]
[wall=1789951308][simulation=0.000][MATCH][START][GameWorld][seed=0xE4511E]
[wall=1789951308][simulation=0.000][MATCH][MINION_WAVE][GameWorld][count_per_team=3]
[wall=1789951308][simulation=0.000][MATCH][START][GameWorld][seed=0xE4511E]
[wall=1789951308][simulation=0.010][COMBAT][PROJECTILE_SPAWN][Blue][kind=Basic]
[wall=1789951308][simulation=0.120][MATCH][BASE_DESTROYED][Red][]
[wall=1789951308][simulation=0.130][MATCH][END][GameWorld][Victory]
[wall=1789951308][simulation=0.000][MATCH][MINION_WAVE][GameWorld][count_per_team=3]
[wall=1789951308][simulation=0.000][MATCH][START][GameWorld][seed=0xE4511E]
[wall=1789951308][simulation=0.000][MATCH][MINION_WAVE][GameWorld][count_per_team=3]
[wall=1789951308][simulation=0.000][MATCH][START][GameWorld][seed=0xE4511E]
[wall=1789951308][simulation=0.010][COMBAT][PROJECTILE_SPAWN][Blue][kind=Basic]
[wall=1789951308][simulation=0.120][MATCH][BASE_DESTROYED][Red][]
[wall=1789951308][simulation=0.130][MATCH][END][GameWorld][Victory]
[wall=1789951308][simulation=0.000][MATCH][MINION_WAVE][GameWorld][count_per_team=3]
[wall=1789951308][simulation=0.000][MATCH][START][GameWorld][seed=0xE4511E]
[wall=1789951308][simulation=0.000][MATCH][MINION_WAVE][GameWorld][count_per_team=3]
[wall=1789951308][simulation=0.000][MATCH][START][GameWorld][seed=0xE4511E]
[wall=1789951308][simulation=0.010][COMBAT][PROJECTILE_SPAWN][Blue][kind=Basic]
[wall=1789951308][simulation=0.120][MATCH][BASE_DESTROYED][Red][]
[wall=1789951308][simulation=0.130][MATCH][END][GameWorld][Victory]
[wall=1789951308][simulation=0.000][MATCH][MINION_WAVE][GameWorld][count_per_team=3]
[wall=1789951308][simulation=0.000][MATCH][START][GameWorld][seed=0xE4511E]
[wall=1789951308][simulation=0.000][MATCH][MINION_WAVE][GameWorld][count_per_team=3]
[wall=1789951308][simulation=0.000][MATCH][START][GameWorld][seed=0xE4511E]
[wall=1789951308][simulation=0.010][COMBAT][PROJECTILE_SPAWN][Blue][kind=Basic]
[wall=1789951308][simulation=0.120][MATCH][BASE_DESTROYED][Red][]
[wall=1789951308][simulation=0.130][MATCH][END][GameWorld][Victory]
[wall=1789951308][simulation=0.000][MATCH][MINION_WAVE][GameWorld][count_per_team=3]
[wall=1789951308][simulation=0.000][MATCH][START][GameWorld][seed=0xE4511E]
[wall=1789951308][simulation=0.000][MATCH][MINION_WAVE][GameWorld][count_per_team=3]
[wall=1789951308][simulation=0.000][MATCH][START][GameWorld][seed=0xE4511E]
[wall=1789951308][simulation=0.010][COMBAT][PROJECTILE_SPAWN][Blue][kind=Basic]
[wall=1789951308][simulation=0.120][MATCH][BASE_DESTROYED][Red][]
[wall=1789951308][simulation=0.130][MATCH][END][GameWorld][Victory]
[wall=1789951308][simulation=0.000][MATCH][MINION_WAVE][GameWorld][count_per_team=3]
[wall=1789951308][simulation=0.000][MATCH][START][GameWorld][seed=0xE4511E]
[wall=1789951308][simulation=0.000][MATCH][MINION_WAVE][GameWorld][count_per_team=3]
[wall=1789951308][simulation=0.000][MATCH][START][GameWorld][seed=0xE4511E]
[wall=1789951308][simulation=0.010][COMBAT][PROJECTILE_SPAWN][Blue][kind=Basic]
[wall=1789951308][simulation=0.120][MATCH][BASE_DESTROYED][Red][]
[wall=1789951308][simulation=0.130][MATCH][END][GameWorld][Victory]
[wall=1789951308][simulation=0.000][MATCH][MINION_WAVE][GameWorld][count_per_team=3]
[wall=1789951308][simulation=0.000][MATCH][START][GameWorld][seed=0xE4511E]
[wall=1789951308][simulation=0.000][MATCH][MINION_WAVE][GameWorld][count_per_team=3]
[wall=1789951308][simulation=0.000][MATCH][START][GameWorld][seed=0xE4511E]
[wall=1789951308][simulation=0.010][COMBAT][PROJECTILE_SPAWN][Blue][kind=Basic]
[wall=1789951308][simulation=0.120][MATCH][BASE_DESTROYED][Red][]
[wall=1789951308][simulation=0.130][MATCH][END][GameWorld][Victory]
[wall=1789951308][simulation=0.000][MATCH][MINION_WAVE][GameWorld][count_per_team=3]
[wall=1789951308][simulation=0.000][MATCH][START][GameWorld][seed=0xE4511E]
[wall=1789951308][simulation=0.000][MATCH][MINION_WAVE][GameWorld][count_per_team=3]
[wall=1789951308][simulation=0.000][MATCH][START][GameWorld][seed=0xE4511E]
[wall=1789951308][simulation=0.010][COMBAT][PROJECTILE_SPAWN][Blue][kind=Basic]
[wall=1789951308][simulation=0.120][MATCH][BASE_DESTROYED][Red][]
[wall=1789951308][simulation=0.130][MATCH][END][GameWorld][Victory]
[wall=1789951308][simulation=0.000][MATCH][MINION_WAVE][GameWorld][count_per_team=3]
[wall=1789951308][simulation=0.000][MATCH][START][GameWorld][seed=0xE4511E]
[wall=1789951308][simulation=0.000][MATCH][MINION_WAVE][GameWorld][count_per_team=3]
[wall=1789951308][simulation=0.000][MATCH][START][GameWorld][seed=0xE4511E]
[wall=1789951308][simulation=0.120][COMBAT][PROJECTILE_SPAWN][Blue][kind=Basic]
[wall=1789951308][simulation=0.120][COMBAT][PROJECTILE_SPAWN][Blue][kind=Ultimate]
[wall=1789951308][simulation=0.120][COMBAT][PROJECTILE_SPAWN][Red][kind=Basic]
[wall=1789951308][simulation=0.120][COMBAT][PROJECTILE_SPAWN][Red][kind=Ultimate]
[wall=1789951308][simulation=0.180][COMBAT][HERO_DEATH][BotHero][attacker=Blue]
[wall=1789951308][simulation=5.180][COMBAT][HERO_RESPAWN][BotHero][]
[wall=1789951308][simulation=5.190][MATCH][TOWER_DESTROYED][Red][]
[wall=1789951308][simulation=5.200][COMBAT][PROJECTILE_SPAWN][Blue][kind=Basic]
[wall=1789951308][simulation=5.310][MATCH][BASE_DESTROYED][Red][]
[wall=1789951308][simulation=5.320][MATCH][END][GameWorld][Victory]
[wall=1789951308][simulation=0.000][MATCH][MINION_WAVE][GameWorld][count_per_team=3]
[wall=1789951308][simulation=0.000][MATCH][START][GameWorld][seed=0xE4511E]
[wall=1789951310][simulation=0.000][APP][WINDOW_CREATED][Application][]
[wall=1789951310][simulation=0.000][APP][DX11_READY][Renderer][]
[wall=1789951310][simulation=0.000][APP][HUD_READY][HUDRenderer][smoke=0]
[wall=1789951312][simulation=0.000][MATCH][MINION_WAVE][GameWorld][count_per_team=3]
[wall=1789951312][simulation=0.000][MATCH][START][GameWorld][seed=0xE4511E]
[wall=1789951313][simulation=0.790][COMBAT][PROJECTILE_SPAWN][Red][kind=Ultimate]
[wall=1789951314][simulation=1.540][COMBAT][PROJECTILE_SPAWN][Red][kind=Basic]
[wall=1789951323][simulation=10.790][COMBAT][PROJECTILE_SPAWN][Red][kind=Ultimate]
[wall=1789951324][simulation=11.540][COMBAT][PROJECTILE_SPAWN][Red][kind=Basic]
[wall=1789951324][simulation=12.000][MATCH][MINION_WAVE][GameWorld][count_per_team=3]
[wall=1789951328][simulation=15.380][COMBAT][HERO_DEATH][PlayerHero][attacker=Red]
[wall=1789951333][simulation=20.380][COMBAT][HERO_RESPAWN][PlayerHero][]
[wall=1789951333][simulation=20.790][COMBAT][PROJECTILE_SPAWN][Red][kind=Ultimate]
[wall=1789951334][simulation=21.540][COMBAT][PROJECTILE_SPAWN][Red][kind=Basic]
[wall=1789951336][simulation=24.000][MATCH][MINION_WAVE][GameWorld][count_per_team=3]
[wall=1789951338][simulation=0.000][APP][EXIT][Application][]
[wall=1789952730][simulation=0.000][APP][WINDOW_CREATED][Application][]
[wall=1789952730][simulation=0.000][APP][DX11_READY][Renderer][]
[wall=1789952730][simulation=0.000][APP][HUD_READY][HUDRenderer][smoke=0]
[wall=1789952732][simulation=0.000][MATCH][MINION_WAVE][GameWorld][count_per_team=3]
[wall=1789952732][simulation=0.000][MATCH][START][GameWorld][seed=0xE4511E]
[wall=1789952733][simulation=0.790][COMBAT][PROJECTILE_SPAWN][Red][kind=Ultimate]
[wall=1789952733][simulation=1.350][COMBAT][PROJECTILE_SPAWN][Red][kind=Basic]
[wall=1789952734][simulation=2.350][COMBAT][PROJECTILE_SPAWN][Red][kind=Basic]
[wall=1789952735][simulation=3.350][COMBAT][PROJECTILE_SPAWN][Red][kind=Basic]
[wall=1789952736][simulation=4.350][COMBAT][PROJECTILE_SPAWN][Red][kind=Basic]
[wall=1789952737][simulation=5.350][COMBAT][PROJECTILE_SPAWN][Red][kind=Basic]
[wall=1789952738][simulation=6.350][COMBAT][PROJECTILE_SPAWN][Red][kind=Basic]
[wall=1789952739][simulation=7.350][COMBAT][PROJECTILE_SPAWN][Red][kind=Basic]
[wall=1789952740][simulation=8.350][COMBAT][PROJECTILE_SPAWN][Red][kind=Basic]
[wall=1789952741][simulation=9.350][COMBAT][PROJECTILE_SPAWN][Red][kind=Basic]
[wall=1789952741][simulation=9.360][COMBAT][HERO_DEATH][PlayerHero][attacker=Red]
[wall=1789952742][simulation=10.350][COMBAT][PROJECTILE_SPAWN][Red][kind=Basic]
[wall=1789952743][simulation=11.350][COMBAT][PROJECTILE_SPAWN][Red][kind=Basic]
[wall=1789952744][simulation=12.000][MATCH][MINION_WAVE][GameWorld][count_per_team=3]
[wall=1789952744][simulation=12.350][COMBAT][PROJECTILE_SPAWN][Red][kind=Basic]
[wall=1789952745][simulation=13.350][COMBAT][PROJECTILE_SPAWN][Red][kind=Basic]
[wall=1789952746][simulation=14.350][COMBAT][PROJECTILE_SPAWN][Red][kind=Basic]
[wall=1789952746][simulation=14.360][COMBAT][HERO_RESPAWN][PlayerHero][]
[wall=1789952746][simulation=14.360][COMBAT][PROJECTILE_SPAWN][Red][kind=Ultimate]
[wall=1789952747][simulation=15.350][COMBAT][PROJECTILE_SPAWN][Red][kind=Basic]
[wall=1789952756][simulation=24.000][MATCH][MINION_WAVE][GameWorld][count_per_team=3]
[wall=1789952757][simulation=25.390][COMBAT][PROJECTILE_SPAWN][Blue][kind=Ultimate]
[wall=1789952758][simulation=25.880][COMBAT][MINION_DEATH][Red][attacker=Blue]
[wall=1789952760][simulation=28.440][COMBAT][PROJECTILE_SPAWN][Blue][kind=Basic]
[wall=1789952761][simulation=29.540][COMBAT][PROJECTILE_SPAWN][Blue][kind=Basic]
[wall=1789952763][simulation=30.720][COMBAT][PROJECTILE_SPAWN][Blue][kind=Basic]
[wall=1789952764][simulation=31.720][COMBAT][PROJECTILE_SPAWN][Blue][kind=Basic]
[wall=1789952765][simulation=33.190][COMBAT][PROJECTILE_SPAWN][Blue][kind=Basic]
[wall=1789952766][simulation=34.100][MATCH][TOWER_DESTROYED][Blue][]
[wall=1789952767][simulation=35.170][COMBAT][PROJECTILE_SPAWN][Blue][kind=Basic]
[wall=1789952767][simulation=35.460][MATCH][TOWER_DESTROYED][Red][]
[wall=1789952768][simulation=36.000][MATCH][MINION_WAVE][GameWorld][count_per_team=3]
[wall=1789952768][simulation=36.390][COMBAT][PROJECTILE_SPAWN][Blue][kind=Basic]
[wall=1789952769][simulation=37.420][COMBAT][PROJECTILE_SPAWN][Blue][kind=Basic]
[wall=1789952769][simulation=37.630][COMBAT][MINION_DEATH][Red][attacker=Blue]
[wall=1789952770][simulation=38.550][COMBAT][PROJECTILE_SPAWN][Blue][kind=Basic]
[wall=1789952771][simulation=39.620][COMBAT][PROJECTILE_SPAWN][Blue][kind=Basic]
[wall=1789952773][simulation=40.790][COMBAT][PROJECTILE_SPAWN][Blue][kind=Basic]
[wall=1789952774][simulation=42.070][COMBAT][PROJECTILE_SPAWN][Blue][kind=Basic]
[wall=1789952775][simulation=43.270][COMBAT][PROJECTILE_SPAWN][Blue][kind=Basic]
[wall=1789952776][simulation=44.450][COMBAT][PROJECTILE_SPAWN][Blue][kind=Basic]
[wall=1789952778][simulation=46.620][COMBAT][PROJECTILE_SPAWN][Blue][kind=Basic]
[wall=1789952780][simulation=48.010][MATCH][MINION_WAVE][GameWorld][count_per_team=3]
[wall=1789952781][simulation=48.680][COMBAT][PROJECTILE_SPAWN][Blue][kind=Basic]
[wall=1789952781][simulation=49.280][COMBAT][PROJECTILE_SPAWN][Blue][kind=Ultimate]
[wall=1789952781][simulation=49.330][COMBAT][MINION_DEATH][Red][attacker=Blue]
[wall=1789952782][simulation=50.230][COMBAT][PROJECTILE_SPAWN][Blue][kind=Basic]
[wall=1789952785][simulation=0.000][APP][EXIT][Application][]
[wall=1789994222][simulation=0.000][APP][WINDOW_CREATED][Application][]
[wall=1789994222][simulation=0.000][APP][DX11_READY][Renderer][]
[wall=1789994222][simulation=0.000][APP][HUD_READY][HUDRenderer][smoke=0]
[wall=1789994224][simulation=0.000][MATCH][MINION_WAVE][GameWorld][count_per_team=3]
[wall=1789994224][simulation=0.000][MATCH][START][GameWorld][seed=0xE4511E]
[wall=1789994225][simulation=0.790][COMBAT][PROJECTILE_SPAWN][Red][kind=Ultimate]
[wall=1789994226][simulation=1.780][COMBAT][PROJECTILE_SPAWN][Red][kind=Basic]
[wall=1789994227][simulation=2.780][COMBAT][PROJECTILE_SPAWN][Red][kind=Basic]
[wall=1789994228][simulation=3.780][COMBAT][PROJECTILE_SPAWN][Red][kind=Basic]
[wall=1789994229][simulation=4.780][COMBAT][PROJECTILE_SPAWN][Red][kind=Basic]
[wall=1789994230][simulation=5.780][COMBAT][PROJECTILE_SPAWN][Red][kind=Basic]
[wall=1789994231][simulation=6.780][COMBAT][PROJECTILE_SPAWN][Red][kind=Basic]
[wall=1789994232][simulation=7.780][COMBAT][PROJECTILE_SPAWN][Red][kind=Basic]
[wall=1789994233][simulation=8.780][COMBAT][PROJECTILE_SPAWN][Red][kind=Basic]
[wall=1789994233][simulation=8.790][COMBAT][HERO_DEATH][PlayerHero][attacker=Red]
[wall=1789994234][simulation=9.780][COMBAT][PROJECTILE_SPAWN][Red][kind=Basic]
[wall=1789994235][simulation=10.780][COMBAT][PROJECTILE_SPAWN][Red][kind=Basic]
[wall=1789994236][simulation=11.780][COMBAT][PROJECTILE_SPAWN][Red][kind=Basic]
[wall=1789994236][simulation=12.000][MATCH][MINION_WAVE][GameWorld][count_per_team=3]
[wall=1789994237][simulation=12.780][COMBAT][PROJECTILE_SPAWN][Red][kind=Basic]
[wall=1789994238][simulation=13.780][COMBAT][PROJECTILE_SPAWN][Red][kind=Basic]
[wall=1789994238][simulation=13.790][COMBAT][HERO_RESPAWN][PlayerHero][]
[wall=1789994238][simulation=13.790][COMBAT][PROJECTILE_SPAWN][Red][kind=Ultimate]
[wall=1789994239][simulation=14.780][COMBAT][PROJECTILE_SPAWN][Red][kind=Basic]
[wall=1789994240][simulation=15.690][COMBAT][PROJECTILE_SPAWN][Blue][kind=Basic]
[wall=1789994240][simulation=15.780][COMBAT][PROJECTILE_SPAWN][Red][kind=Basic]
[wall=1789994240][simulation=15.790][COMBAT][HERO_DEATH][PlayerHero][attacker=Red]
[wall=1789994241][simulation=17.060][COMBAT][HERO_DEATH][BotHero][attacker=Blue]
[wall=1789994245][simulation=20.790][COMBAT][HERO_RESPAWN][PlayerHero][]
[wall=1789994247][simulation=23.060][COMBAT][HERO_RESPAWN][BotHero][]
[wall=1789994247][simulation=23.400][COMBAT][PROJECTILE_SPAWN][Blue][kind=Basic]
[wall=1789994248][simulation=23.790][COMBAT][PROJECTILE_SPAWN][Red][kind=Ultimate]
[wall=1789994248][simulation=24.000][MATCH][MINION_WAVE][GameWorld][count_per_team=3]
[wall=1789994248][simulation=24.400][COMBAT][PROJECTILE_SPAWN][Red][kind=Basic]
[wall=1789994249][simulation=25.400][COMBAT][PROJECTILE_SPAWN][Red][kind=Basic]
[wall=1789994250][simulation=26.400][COMBAT][PROJECTILE_SPAWN][Red][kind=Basic]
[wall=1789994251][simulation=27.400][COMBAT][PROJECTILE_SPAWN][Red][kind=Basic]
[wall=1789994252][simulation=28.400][COMBAT][PROJECTILE_SPAWN][Red][kind=Basic]
[wall=1789994252][simulation=28.410][COMBAT][HERO_DEATH][PlayerHero][attacker=Red]
[wall=1789994253][simulation=29.400][COMBAT][PROJECTILE_SPAWN][Red][kind=Basic]
[wall=1789994254][simulation=30.400][COMBAT][PROJECTILE_SPAWN][Red][kind=Basic]
[wall=1789994255][simulation=31.400][COMBAT][PROJECTILE_SPAWN][Red][kind=Basic]
[wall=1789994256][simulation=32.400][COMBAT][PROJECTILE_SPAWN][Red][kind=Basic]
[wall=1789994257][simulation=33.400][COMBAT][PROJECTILE_SPAWN][Red][kind=Basic]
[wall=1789994257][simulation=33.410][COMBAT][HERO_RESPAWN][PlayerHero][]
[wall=1789994258][simulation=33.790][COMBAT][PROJECTILE_SPAWN][Red][kind=Ultimate]
[wall=1789994258][simulation=34.400][COMBAT][PROJECTILE_SPAWN][Red][kind=Basic]
[wall=1789994259][simulation=35.070][COMBAT][PROJECTILE_SPAWN][Blue][kind=Basic]
[wall=1789994259][simulation=35.400][COMBAT][PROJECTILE_SPAWN][Red][kind=Basic]
[wall=1789994259][simulation=35.410][COMBAT][HERO_DEATH][PlayerHero][attacker=Red]
[wall=1789994260][simulation=36.000][MATCH][MINION_WAVE][GameWorld][count_per_team=3]
[wall=1789994260][simulation=36.120][MATCH][TOWER_DESTROYED][Blue][]
[wall=1789994260][simulation=36.400][COMBAT][PROJECTILE_SPAWN][Red][kind=Basic]
[wall=1789994261][simulation=37.400][COMBAT][PROJECTILE_SPAWN][Red][kind=Basic]
[wall=1789994263][simulation=0.000][APP][EXIT][Application][]
[wall=1789994264][simulation=0.000][APP][WINDOW_CREATED][Application][]
[wall=1789994264][simulation=0.000][APP][DX11_READY][Renderer][]
[wall=1789994264][simulation=0.000][APP][HUD_READY][HUDRenderer][smoke=0]
[wall=1789994266][simulation=0.000][MATCH][MINION_WAVE][GameWorld][count_per_team=3]
[wall=1789994266][simulation=0.000][MATCH][START][GameWorld][seed=0xE4511E]
[wall=1789994267][simulation=0.810][COMBAT][PROJECTILE_SPAWN][Red][kind=Ultimate]
[wall=1789994268][simulation=1.780][COMBAT][PROJECTILE_SPAWN][Red][kind=Basic]
[wall=1789994269][simulation=2.780][COMBAT][PROJECTILE_SPAWN][Red][kind=Basic]
[wall=1789994270][simulation=3.780][COMBAT][PROJECTILE_SPAWN][Red][kind=Basic]
[wall=1789994271][simulation=4.780][COMBAT][PROJECTILE_SPAWN][Red][kind=Basic]
[wall=1789994272][simulation=5.780][COMBAT][PROJECTILE_SPAWN][Red][kind=Basic]
[wall=1789994273][simulation=6.780][COMBAT][PROJECTILE_SPAWN][Red][kind=Basic]
[wall=1789994274][simulation=7.780][COMBAT][PROJECTILE_SPAWN][Red][kind=Basic]
[wall=1789994274][simulation=7.790][COMBAT][HERO_DEATH][PlayerHero][attacker=Red]
[wall=1789994275][simulation=8.780][COMBAT][PROJECTILE_SPAWN][Red][kind=Basic]
[wall=1789994276][simulation=9.780][COMBAT][PROJECTILE_SPAWN][Red][kind=Basic]
[wall=1789994277][simulation=10.780][COMBAT][PROJECTILE_SPAWN][Red][kind=Basic]
[wall=1789994278][simulation=11.780][COMBAT][PROJECTILE_SPAWN][Red][kind=Basic]
[wall=1789994278][simulation=12.000][MATCH][MINION_WAVE][GameWorld][count_per_team=3]
[wall=1789994279][simulation=12.780][COMBAT][PROJECTILE_SPAWN][Red][kind=Basic]
[wall=1789994279][simulation=12.790][COMBAT][HERO_RESPAWN][PlayerHero][]
[wall=1789994279][simulation=12.790][COMBAT][PROJECTILE_SPAWN][Red][kind=Ultimate]
[wall=1789994279][simulation=0.000][APP][EXIT][Application][]
[wall=1789994281][simulation=0.000][APP][WINDOW_CREATED][Application][]
[wall=1789994281][simulation=0.000][APP][DX11_READY][Renderer][]
[wall=1789994281][simulation=0.000][APP][HUD_READY][HUDRenderer][smoke=0]
[wall=1789994282][simulation=0.000][MATCH][MINION_WAVE][GameWorld][count_per_team=3]
[wall=1789994282][simulation=0.000][MATCH][START][GameWorld][seed=0xE4511E]
[wall=1789994283][simulation=0.790][COMBAT][PROJECTILE_SPAWN][Red][kind=Ultimate]
[wall=1789994284][simulation=1.780][COMBAT][PROJECTILE_SPAWN][Red][kind=Basic]
[wall=1789994285][simulation=2.780][COMBAT][PROJECTILE_SPAWN][Red][kind=Basic]
[wall=1789994286][simulation=3.780][COMBAT][PROJECTILE_SPAWN][Red][kind=Basic]
[wall=1789994286][simulation=4.120][COMBAT][PROJECTILE_SPAWN][Blue][kind=Basic]
[wall=1789994287][simulation=4.780][COMBAT][PROJECTILE_SPAWN][Red][kind=Basic]
[wall=1789994288][simulation=5.780][COMBAT][PROJECTILE_SPAWN][Red][kind=Basic]
[wall=1789994289][simulation=6.780][COMBAT][PROJECTILE_SPAWN][Red][kind=Basic]
[wall=1789994290][simulation=7.780][COMBAT][PROJECTILE_SPAWN][Red][kind=Basic]
[wall=1789994290][simulation=7.940][COMBAT][PROJECTILE_SPAWN][Blue][kind=Basic]
[wall=1789994291][simulation=8.780][COMBAT][PROJECTILE_SPAWN][Red][kind=Basic]
[wall=1789994291][simulation=8.790][COMBAT][HERO_DEATH][PlayerHero][attacker=Red]
[wall=1789994292][simulation=9.780][COMBAT][PROJECTILE_SPAWN][Red][kind=Basic]
[wall=1789994293][simulation=10.780][COMBAT][PROJECTILE_SPAWN][Red][kind=Basic]
[wall=1789994294][simulation=11.780][COMBAT][PROJECTILE_SPAWN][Red][kind=Basic]
[wall=1789994294][simulation=12.000][MATCH][MINION_WAVE][GameWorld][count_per_team=3]
[wall=1789994295][simulation=12.780][COMBAT][PROJECTILE_SPAWN][Red][kind=Basic]
[wall=1789994296][simulation=13.780][COMBAT][PROJECTILE_SPAWN][Red][kind=Basic]
[wall=1789994296][simulation=13.790][COMBAT][HERO_RESPAWN][PlayerHero][]
[wall=1789994296][simulation=13.790][COMBAT][PROJECTILE_SPAWN][Red][kind=Ultimate]
[wall=1789994297][simulation=14.780][COMBAT][PROJECTILE_SPAWN][Red][kind=Basic]
[wall=1789994297][simulation=15.050][COMBAT][PROJECTILE_SPAWN][Blue][kind=Ultimate]
[wall=1789994297][simulation=15.060][COMBAT][HERO_DEATH][BotHero][attacker=Blue]
[wall=1789994300][simulation=17.370][COMBAT][PROJECTILE_SPAWN][Blue][kind=Basic]
[wall=1789994303][simulation=21.060][COMBAT][HERO_RESPAWN][BotHero][]
[wall=1789994303][simulation=21.100][COMBAT][PROJECTILE_SPAWN][Red][kind=Basic]
[wall=1789994304][simulation=22.100][COMBAT][PROJECTILE_SPAWN][Red][kind=Basic]
[wall=1789994305][simulation=23.100][COMBAT][PROJECTILE_SPAWN][Red][kind=Basic]
[wall=1789994306][simulation=23.550][COMBAT][PROJECTILE_SPAWN][Blue][kind=Basic]
[wall=1789994306][simulation=23.790][COMBAT][PROJECTILE_SPAWN][Red][kind=Ultimate]
[wall=1789994306][simulation=24.000][MATCH][MINION_WAVE][GameWorld][count_per_team=3]
[wall=1789994306][simulation=24.100][COMBAT][PROJECTILE_SPAWN][Red][kind=Basic]
[wall=1789994307][simulation=24.670][COMBAT][PROJECTILE_SPAWN][Blue][kind=Basic]
[wall=1789994307][simulation=25.100][COMBAT][PROJECTILE_SPAWN][Red][kind=Basic]
[wall=1789994308][simulation=25.170][COMBAT][HERO_DEATH][PlayerHero][attacker=Red]
[wall=1789994308][simulation=26.100][COMBAT][PROJECTILE_SPAWN][Red][kind=Basic]
[wall=1789994309][simulation=27.100][COMBAT][PROJECTILE_SPAWN][Red][kind=Basic]
[wall=1789994310][simulation=28.100][COMBAT][PROJECTILE_SPAWN][Red][kind=Basic]
[wall=1789994311][simulation=29.100][COMBAT][PROJECTILE_SPAWN][Red][kind=Basic]
[wall=1789994312][simulation=30.100][COMBAT][PROJECTILE_SPAWN][Red][kind=Basic]
[wall=1789994313][simulation=30.170][COMBAT][HERO_RESPAWN][PlayerHero][]
[wall=1789994313][simulation=30.520][COMBAT][PROJECTILE_SPAWN][Blue][kind=Ultimate]
[wall=1789994314][simulation=31.820][COMBAT][PROJECTILE_SPAWN][Blue][kind=Basic]
[wall=1789994317][simulation=34.260][COMBAT][PROJECTILE_SPAWN][Blue][kind=Basic]
[wall=1789994318][simulation=35.330][COMBAT][PROJECTILE_SPAWN][Blue][kind=Basic]
[wall=1789994318][simulation=36.000][MATCH][MINION_WAVE][GameWorld][count_per_team=3]
[wall=1789994319][simulation=36.450][COMBAT][PROJECTILE_SPAWN][Blue][kind=Basic]
[wall=1789994319][simulation=36.510][MATCH][TOWER_DESTROYED][Red][]
[wall=1789994320][simulation=37.520][COMBAT][PROJECTILE_SPAWN][Blue][kind=Basic]
[wall=1789994321][simulation=38.620][COMBAT][PROJECTILE_SPAWN][Blue][kind=Basic]
[wall=1789994321][simulation=38.700][COMBAT][MINION_DEATH][Red][attacker=Blue]
[wall=1789994322][simulation=39.720][COMBAT][PROJECTILE_SPAWN][Blue][kind=Basic]
[wall=1789994323][simulation=40.760][COMBAT][PROJECTILE_SPAWN][Blue][kind=Basic]
[wall=1789994324][simulation=41.610][COMBAT][PROJECTILE_SPAWN][Blue][kind=Ultimate]
[wall=1789994325][simulation=42.500][COMBAT][PROJECTILE_SPAWN][Blue][kind=Basic]
[wall=1789994325][simulation=43.070][MATCH][TOWER_DESTROYED][Blue][]
[wall=1789994326][simulation=43.550][COMBAT][PROJECTILE_SPAWN][Blue][kind=Basic]
[wall=1789994328][simulation=45.650][COMBAT][PROJECTILE_SPAWN][Blue][kind=Basic]
[wall=1789994329][simulation=46.810][COMBAT][PROJECTILE_SPAWN][Blue][kind=Basic]
[wall=1789994330][simulation=48.000][COMBAT][PROJECTILE_SPAWN][Blue][kind=Basic]
[wall=1789994330][simulation=48.010][MATCH][MINION_WAVE][GameWorld][count_per_team=3]
[wall=1789994333][simulation=50.750][COMBAT][PROJECTILE_SPAWN][Blue][kind=Basic]
[wall=1789994334][simulation=52.010][COMBAT][PROJECTILE_SPAWN][Blue][kind=Basic]
[wall=1789994335][simulation=53.070][COMBAT][PROJECTILE_SPAWN][Blue][kind=Basic]
[wall=1789994336][simulation=54.110][COMBAT][PROJECTILE_SPAWN][Blue][kind=Basic]
[wall=1789994338][simulation=55.250][COMBAT][PROJECTILE_SPAWN][Blue][kind=Basic]
[wall=1789994339][simulation=56.250][COMBAT][PROJECTILE_SPAWN][Blue][kind=Basic]
[wall=1789994340][simulation=57.400][COMBAT][PROJECTILE_SPAWN][Blue][kind=Basic]
[wall=1789994341][simulation=58.560][COMBAT][PROJECTILE_SPAWN][Blue][kind=Basic]
[wall=1789994342][simulation=59.700][COMBAT][PROJECTILE_SPAWN][Blue][kind=Basic]
[wall=1789994342][simulation=60.010][MATCH][MINION_WAVE][GameWorld][count_per_team=3]
[wall=1789994343][simulation=60.950][COMBAT][PROJECTILE_SPAWN][Blue][kind=Basic]
[wall=1789994345][simulation=62.180][COMBAT][PROJECTILE_SPAWN][Blue][kind=Ultimate]
[wall=1789994345][simulation=62.800][COMBAT][PROJECTILE_SPAWN][Blue][kind=Basic]
[wall=1789994347][simulation=64.600][COMBAT][PROJECTILE_SPAWN][Blue][kind=Basic]
[wall=1789994349][simulation=66.830][COMBAT][PROJECTILE_SPAWN][Blue][kind=Basic]
[wall=1789994351][simulation=68.510][COMBAT][PROJECTILE_SPAWN][Blue][kind=Basic]
[wall=1789994352][simulation=69.690][COMBAT][PROJECTILE_SPAWN][Blue][kind=Basic]
[wall=1789994353][simulation=70.930][COMBAT][PROJECTILE_SPAWN][Blue][kind=Basic]
[wall=1789994354][simulation=71.960][COMBAT][PROJECTILE_SPAWN][Blue][kind=Basic]
[wall=1789994354][simulation=72.010][MATCH][MINION_WAVE][GameWorld][count_per_team=3]
[wall=1789994356][simulation=73.150][COMBAT][PROJECTILE_SPAWN][Blue][kind=Basic]
[wall=1789994357][simulation=74.310][COMBAT][PROJECTILE_SPAWN][Blue][kind=Basic]
[wall=1789994357][simulation=74.510][COMBAT][PROJECTILE_SPAWN][Blue][kind=Ultimate]
[wall=1789994357][simulation=74.640][MATCH][BASE_DESTROYED][Red][]
[wall=1789994357][simulation=74.650][MATCH][END][GameWorld][Victory]
[wall=1789994360][simulation=0.000][MATCH][MINION_WAVE][GameWorld][count_per_team=3]
[wall=1789994360][simulation=0.000][MATCH][START][GameWorld][seed=0xE4511E]
[wall=1789994361][simulation=0.780][COMBAT][PROJECTILE_SPAWN][Red][kind=Ultimate]
[wall=1789994362][simulation=1.300][COMBAT][MINION_DEATH][Blue][attacker=Red]
[wall=1789994362][simulation=1.780][COMBAT][PROJECTILE_SPAWN][Red][kind=Basic]
[wall=1789994363][simulation=2.780][COMBAT][PROJECTILE_SPAWN][Red][kind=Basic]
[wall=1789994364][simulation=3.400][COMBAT][PROJECTILE_SPAWN][Blue][kind=Basic]
[wall=1789994364][simulation=3.780][COMBAT][PROJECTILE_SPAWN][Red][kind=Basic]
[wall=1789994365][simulation=4.430][COMBAT][PROJECTILE_SPAWN][Blue][kind=Basic]
[wall=1789994365][simulation=4.780][COMBAT][PROJECTILE_SPAWN][Red][kind=Basic]
[wall=1789994365][simulation=4.920][COMBAT][PROJECTILE_SPAWN][Blue][kind=Ultimate]
[wall=1789994365][simulation=4.930][COMBAT][HERO_DEATH][BotHero][attacker=Blue]
[wall=1789994367][simulation=6.500][COMBAT][PROJECTILE_SPAWN][Blue][kind=Basic]
[wall=1789994368][simulation=7.500][COMBAT][PROJECTILE_SPAWN][Blue][kind=Basic]
[wall=1789994369][simulation=8.520][COMBAT][PROJECTILE_SPAWN][Blue][kind=Basic]
[wall=1789994370][simulation=9.930][COMBAT][HERO_RESPAWN][BotHero][]
[wall=1789994370][simulation=10.000][COMBAT][PROJECTILE_SPAWN][Red][kind=Basic]
[wall=1789994371][simulation=10.780][COMBAT][PROJECTILE_SPAWN][Red][kind=Ultimate]
[wall=1789994371][simulation=10.960][COMBAT][HERO_DEATH][PlayerHero][attacker=Red]
[wall=1789994372][simulation=11.700][COMBAT][PROJECTILE_SPAWN][Red][kind=Basic]
[wall=1789994372][simulation=12.000][MATCH][MINION_WAVE][GameWorld][count_per_team=3]
[wall=1789994373][simulation=12.700][COMBAT][PROJECTILE_SPAWN][Red][kind=Basic]
[wall=1789994374][simulation=13.700][COMBAT][PROJECTILE_SPAWN][Red][kind=Basic]
[wall=1789994375][simulation=14.700][COMBAT][PROJECTILE_SPAWN][Red][kind=Basic]
[wall=1789994376][simulation=15.700][COMBAT][PROJECTILE_SPAWN][Red][kind=Basic]
[wall=1789994376][simulation=15.960][COMBAT][HERO_RESPAWN][PlayerHero][]
[wall=1789994377][simulation=16.700][COMBAT][PROJECTILE_SPAWN][Red][kind=Basic]
[wall=1789994377][simulation=17.230][COMBAT][PROJECTILE_SPAWN][Blue][kind=Ultimate]
[wall=1789994378][simulation=17.950][COMBAT][PROJECTILE_SPAWN][Blue][kind=Basic]
[wall=1789994384][simulation=24.000][MATCH][MINION_WAVE][GameWorld][count_per_team=3]
[wall=1789994389][simulation=28.380][COMBAT][HERO_DEATH][PlayerHero][attacker=Red]
[wall=1789994394][simulation=33.380][COMBAT][HERO_RESPAWN][PlayerHero][]
[wall=1789994394][simulation=34.100][MATCH][TOWER_DESTROYED][Blue][]
[wall=1789994396][simulation=36.000][MATCH][MINION_WAVE][GameWorld][count_per_team=3]
[wall=1789994406][simulation=46.100][MATCH][TOWER_DESTROYED][Red][]
[wall=1789994408][simulation=48.010][MATCH][MINION_WAVE][GameWorld][count_per_team=3]
[wall=1789994420][simulation=60.010][MATCH][MINION_WAVE][GameWorld][count_per_team=3]
[wall=1789994432][simulation=72.010][MATCH][MINION_WAVE][GameWorld][count_per_team=3]
[wall=1789994444][simulation=84.010][MATCH][MINION_WAVE][GameWorld][count_per_team=3]
[wall=1789994456][simulation=96.010][MATCH][MINION_WAVE][GameWorld][count_per_team=3]
[wall=1789994468][simulation=108.010][MATCH][MINION_WAVE][GameWorld][count_per_team=3]
[wall=1789994480][simulation=120.010][MATCH][MINION_WAVE][GameWorld][count_per_team=3]
[wall=1789994492][simulation=132.010][MATCH][MINION_WAVE][GameWorld][count_per_team=3]
[wall=1789994504][simulation=144.010][MATCH][MINION_WAVE][GameWorld][count_per_team=3]
[wall=1789994516][simulation=156.010][MATCH][MINION_WAVE][GameWorld][count_per_team=3]
[wall=1789994528][simulation=168.010][MATCH][MINION_WAVE][GameWorld][count_per_team=3]
[wall=1789994540][simulation=180.010][MATCH][MINION_WAVE][GameWorld][count_per_team=3]
[wall=1789994552][simulation=192.010][MATCH][MINION_WAVE][GameWorld][count_per_team=3]
[wall=1789994564][simulation=204.010][MATCH][MINION_WAVE][GameWorld][count_per_team=3]
[wall=1789994576][simulation=216.010][MATCH][MINION_WAVE][GameWorld][count_per_team=3]
[wall=1789994588][simulation=228.010][MATCH][MINION_WAVE][GameWorld][count_per_team=3]
[wall=1789994600][simulation=240.010][MATCH][MINION_WAVE][GameWorld][count_per_team=3]
[wall=1789994612][simulation=252.010][MATCH][MINION_WAVE][GameWorld][count_per_team=3]
[wall=1789994624][simulation=264.010][MATCH][MINION_WAVE][GameWorld][count_per_team=3]
[wall=1789994636][simulation=276.010][MATCH][MINION_WAVE][GameWorld][count_per_team=3]
[wall=1789994648][simulation=288.010][MATCH][MINION_WAVE][GameWorld][count_per_team=3]
[wall=1789994660][simulation=300.010][MATCH][MINION_WAVE][GameWorld][count_per_team=3]
[wall=1789994672][simulation=312.010][MATCH][MINION_WAVE][GameWorld][count_per_team=3]
[wall=1789994684][simulation=324.010][MATCH][MINION_WAVE][GameWorld][count_per_team=3]
[wall=1789994696][simulation=336.010][MATCH][MINION_WAVE][GameWorld][count_per_team=3]
[wall=1789994708][simulation=348.010][MATCH][MINION_WAVE][GameWorld][count_per_team=3]
[wall=1789994720][simulation=360.010][MATCH][MINION_WAVE][GameWorld][count_per_team=3]
[wall=1789994732][simulation=372.010][MATCH][MINION_WAVE][GameWorld][count_per_team=3]
[wall=1789994744][simulation=384.010][MATCH][MINION_WAVE][GameWorld][count_per_team=3]
[wall=1789994756][simulation=396.010][MATCH][MINION_WAVE][GameWorld][count_per_team=3]
[wall=1789994768][simulation=408.010][MATCH][MINION_WAVE][GameWorld][count_per_team=3]
[wall=1789994780][simulation=420.010][MATCH][MINION_WAVE][GameWorld][count_per_team=3]
[wall=1789994792][simulation=432.010][MATCH][MINION_WAVE][GameWorld][count_per_team=3]
[wall=1789994804][simulation=444.010][MATCH][MINION_WAVE][GameWorld][count_per_team=3]
[wall=1789994816][simulation=456.010][MATCH][MINION_WAVE][GameWorld][count_per_team=3]
[wall=1789994828][simulation=468.010][MATCH][MINION_WAVE][GameWorld][count_per_team=3]
[wall=1789994840][simulation=480.010][MATCH][MINION_WAVE][GameWorld][count_per_team=3]
[wall=1789994852][simulation=492.010][MATCH][MINION_WAVE][GameWorld][count_per_team=3]
[wall=1789994864][simulation=504.010][MATCH][MINION_WAVE][GameWorld][count_per_team=3]
[wall=1789994876][simulation=516.010][MATCH][MINION_WAVE][GameWorld][count_per_team=3]
[wall=1789994888][simulation=528.010][MATCH][MINION_WAVE][GameWorld][count_per_team=3]
[wall=1789994900][simulation=540.010][MATCH][MINION_WAVE][GameWorld][count_per_team=3]
[wall=1789994912][simulation=552.010][MATCH][MINION_WAVE][GameWorld][count_per_team=3]
[wall=1789994924][simulation=564.010][MATCH][MINION_WAVE][GameWorld][count_per_team=3]
[wall=1789994936][simulation=576.010][MATCH][MINION_WAVE][GameWorld][count_per_team=3]
[wall=1789994948][simulation=588.010][MATCH][MINION_WAVE][GameWorld][count_per_team=3]
[wall=1789994960][simulation=600.010][MATCH][MINION_WAVE][GameWorld][count_per_team=3]
[wall=1789994972][simulation=612.010][MATCH][MINION_WAVE][GameWorld][count_per_team=3]
[wall=1789994984][simulation=624.010][MATCH][MINION_WAVE][GameWorld][count_per_team=3]
[wall=1789994996][simulation=636.010][MATCH][MINION_WAVE][GameWorld][count_per_team=3]
[wall=1789995008][simulation=648.010][MATCH][MINION_WAVE][GameWorld][count_per_team=3]
[wall=1789995020][simulation=660.010][MATCH][MINION_WAVE][GameWorld][count_per_team=3]
[wall=1789995032][simulation=672.010][MATCH][MINION_WAVE][GameWorld][count_per_team=3]
[wall=1789995044][simulation=684.010][MATCH][MINION_WAVE][GameWorld][count_per_team=3]
[wall=1789995056][simulation=696.010][MATCH][MINION_WAVE][GameWorld][count_per_team=3]
[wall=1789995068][simulation=708.010][MATCH][MINION_WAVE][GameWorld][count_per_team=3]
[wall=1789995080][simulation=720.010][MATCH][MINION_WAVE][GameWorld][count_per_team=3]
[wall=1789995092][simulation=732.010][MATCH][MINION_WAVE][GameWorld][count_per_team=3]
[wall=1789995104][simulation=744.010][MATCH][MINION_WAVE][GameWorld][count_per_team=3]
[wall=1789995116][simulation=756.010][MATCH][MINION_WAVE][GameWorld][count_per_team=3]
[wall=1789995128][simulation=768.010][MATCH][MINION_WAVE][GameWorld][count_per_team=3]
[wall=1789995140][simulation=780.010][MATCH][MINION_WAVE][GameWorld][count_per_team=3]
[wall=1789995152][simulation=792.010][MATCH][MINION_WAVE][GameWorld][count_per_team=3]
[wall=1789995164][simulation=804.010][MATCH][MINION_WAVE][GameWorld][count_per_team=3]
[wall=1789995176][simulation=816.010][MATCH][MINION_WAVE][GameWorld][count_per_team=3]
[wall=1789995188][simulation=828.010][MATCH][MINION_WAVE][GameWorld][count_per_team=3]
[wall=1789995200][simulation=840.010][MATCH][MINION_WAVE][GameWorld][count_per_team=3]
[wall=1789995212][simulation=852.010][MATCH][MINION_WAVE][GameWorld][count_per_team=3]
[wall=1789995224][simulation=864.010][MATCH][MINION_WAVE][GameWorld][count_per_team=3]
[wall=1789995236][simulation=876.010][MATCH][MINION_WAVE][GameWorld][count_per_team=3]
[wall=1789995248][simulation=888.010][MATCH][MINION_WAVE][GameWorld][count_per_team=3]
[wall=1789995260][simulation=900.010][MATCH][MINION_WAVE][GameWorld][count_per_team=3]
[wall=1789995272][simulation=912.010][MATCH][MINION_WAVE][GameWorld][count_per_team=3]
[wall=1789995284][simulation=924.010][MATCH][MINION_WAVE][GameWorld][count_per_team=3]
[wall=1789995296][simulation=936.010][MATCH][MINION_WAVE][GameWorld][count_per_team=3]
[wall=1789995308][simulation=948.010][MATCH][MINION_WAVE][GameWorld][count_per_team=3]
[wall=1789995320][simulation=960.010][MATCH][MINION_WAVE][GameWorld][count_per_team=3]
[wall=1789995332][simulation=972.010][MATCH][MINION_WAVE][GameWorld][count_per_team=3]
[wall=1789995344][simulation=984.010][MATCH][MINION_WAVE][GameWorld][count_per_team=3]
[wall=1789995356][simulation=996.010][MATCH][MINION_WAVE][GameWorld][count_per_team=3]
[wall=1789995368][simulation=1008.010][MATCH][MINION_WAVE][GameWorld][count_per_team=3]
[wall=1789995380][simulation=1020.010][MATCH][MINION_WAVE][GameWorld][count_per_team=3]
[wall=1789995392][simulation=1032.010][MATCH][MINION_WAVE][GameWorld][count_per_team=3]
[wall=1789995404][simulation=1044.010][MATCH][MINION_WAVE][GameWorld][count_per_team=3]
[wall=1789995416][simulation=1056.010][MATCH][MINION_WAVE][GameWorld][count_per_team=3]
[wall=1789995428][simulation=1068.010][MATCH][MINION_WAVE][GameWorld][count_per_team=3]
[wall=1789995440][simulation=1080.010][MATCH][MINION_WAVE][GameWorld][count_per_team=3]
[wall=1789995452][simulation=1092.010][MATCH][MINION_WAVE][GameWorld][count_per_team=3]
[wall=1789995464][simulation=1104.010][MATCH][MINION_WAVE][GameWorld][count_per_team=3]
[wall=1789995476][simulation=1116.010][MATCH][MINION_WAVE][GameWorld][count_per_team=3]
[wall=1789995488][simulation=1128.010][MATCH][MINION_WAVE][GameWorld][count_per_team=3]
[wall=1789995500][simulation=1140.010][MATCH][MINION_WAVE][GameWorld][count_per_team=3]
[wall=1789995512][simulation=1152.010][MATCH][MINION_WAVE][GameWorld][count_per_team=3]
[wall=1789995524][simulation=1164.010][MATCH][MINION_WAVE][GameWorld][count_per_team=3]
[wall=1789995536][simulation=1176.010][MATCH][MINION_WAVE][GameWorld][count_per_team=3]
[wall=1789995548][simulation=1188.010][MATCH][MINION_WAVE][GameWorld][count_per_team=3]
[wall=1789995560][simulation=1200.010][MATCH][MINION_WAVE][GameWorld][count_per_team=3]
[wall=1789995572][simulation=1212.010][MATCH][MINION_WAVE][GameWorld][count_per_team=3]
[wall=1789995584][simulation=1224.010][MATCH][MINION_WAVE][GameWorld][count_per_team=3]
[wall=1789995596][simulation=1236.010][MATCH][MINION_WAVE][GameWorld][count_per_team=3]
[wall=1789995608][simulation=1248.010][MATCH][MINION_WAVE][GameWorld][count_per_team=3]
[wall=1789995620][simulation=1260.010][MATCH][MINION_WAVE][GameWorld][count_per_team=3]
[wall=1789995632][simulation=1272.010][MATCH][MINION_WAVE][GameWorld][count_per_team=3]
[wall=1789995644][simulation=1284.010][MATCH][MINION_WAVE][GameWorld][count_per_team=3]
[wall=1789995656][simulation=1296.010][MATCH][MINION_WAVE][GameWorld][count_per_team=3]
[wall=1789995668][simulation=1308.010][MATCH][MINION_WAVE][GameWorld][count_per_team=3]
[wall=1789995680][simulation=1320.010][MATCH][MINION_WAVE][GameWorld][count_per_team=3]
[wall=1789995692][simulation=1332.010][MATCH][MINION_WAVE][GameWorld][count_per_team=3]
[wall=1789995704][simulation=1344.010][MATCH][MINION_WAVE][GameWorld][count_per_team=3]
[wall=1789995716][simulation=1356.010][MATCH][MINION_WAVE][GameWorld][count_per_team=3]
[wall=1789995728][simulation=1368.010][MATCH][MINION_WAVE][GameWorld][count_per_team=3]
[wall=1789995740][simulation=1380.010][MATCH][MINION_WAVE][GameWorld][count_per_team=3]
[wall=1789995752][simulation=1392.010][MATCH][MINION_WAVE][GameWorld][count_per_team=3]
[wall=1789995764][simulation=1404.010][MATCH][MINION_WAVE][GameWorld][count_per_team=3]
[wall=1789995776][simulation=1416.010][MATCH][MINION_WAVE][GameWorld][count_per_team=3]
[wall=1789995788][simulation=1428.010][MATCH][MINION_WAVE][GameWorld][count_per_team=3]
[wall=1789995800][simulation=1440.010][MATCH][MINION_WAVE][GameWorld][count_per_team=3]
[wall=1789995812][simulation=1452.010][MATCH][MINION_WAVE][GameWorld][count_per_team=3]
[wall=1789995824][simulation=1464.010][MATCH][MINION_WAVE][GameWorld][count_per_team=3]
[wall=1789995836][simulation=1476.010][MATCH][MINION_WAVE][GameWorld][count_per_team=3]
[wall=1789995848][simulation=1488.010][MATCH][MINION_WAVE][GameWorld][count_per_team=3]
[wall=1789995860][simulation=1500.010][MATCH][MINION_WAVE][GameWorld][count_per_team=3]
[wall=1789995872][simulation=1512.010][MATCH][MINION_WAVE][GameWorld][count_per_team=3]
[wall=1789995884][simulation=1524.010][MATCH][MINION_WAVE][GameWorld][count_per_team=3]
[wall=1789995896][simulation=1536.010][MATCH][MINION_WAVE][GameWorld][count_per_team=3]
[wall=1789995908][simulation=1548.010][MATCH][MINION_WAVE][GameWorld][count_per_team=3]
[wall=1789995920][simulation=1560.010][MATCH][MINION_WAVE][GameWorld][count_per_team=3]
[wall=1789995932][simulation=1572.010][MATCH][MINION_WAVE][GameWorld][count_per_team=3]
[wall=1789995944][simulation=1584.010][MATCH][MINION_WAVE][GameWorld][count_per_team=3]
[wall=1789995956][simulation=1596.010][MATCH][MINION_WAVE][GameWorld][count_per_team=3]
[wall=1789995968][simulation=1608.010][MATCH][MINION_WAVE][GameWorld][count_per_team=3]
[wall=1789995980][simulation=1620.010][MATCH][MINION_WAVE][GameWorld][count_per_team=3]
[wall=1789995992][simulation=1632.010][MATCH][MINION_WAVE][GameWorld][count_per_team=3]
[wall=1789996004][simulation=1644.010][MATCH][MINION_WAVE][GameWorld][count_per_team=3]
[wall=1789996016][simulation=1656.010][MATCH][MINION_WAVE][GameWorld][count_per_team=3]
[wall=1789996028][simulation=1668.010][MATCH][MINION_WAVE][GameWorld][count_per_team=3]
[wall=1789996040][simulation=1680.010][MATCH][MINION_WAVE][GameWorld][count_per_team=3]
[wall=1789996052][simulation=1692.010][MATCH][MINION_WAVE][GameWorld][count_per_team=3]
[wall=1789996064][simulation=1704.010][MATCH][MINION_WAVE][GameWorld][count_per_team=3]
[wall=1789996076][simulation=1716.010][MATCH][MINION_WAVE][GameWorld][count_per_team=3]
[wall=1789996088][simulation=1728.010][MATCH][MINION_WAVE][GameWorld][count_per_team=3]
[wall=1789996100][simulation=1740.010][MATCH][MINION_WAVE][GameWorld][count_per_team=3]
[wall=1789996112][simulation=1752.010][MATCH][MINION_WAVE][GameWorld][count_per_team=3]
[wall=1789996124][simulation=1764.010][MATCH][MINION_WAVE][GameWorld][count_per_team=3]
[wall=1789996136][simulation=1776.010][MATCH][MINION_WAVE][GameWorld][count_per_team=3]
[wall=1789996148][simulation=1788.010][MATCH][MINION_WAVE][GameWorld][count_per_team=3]
[wall=1789996160][simulation=1800.010][MATCH][MINION_WAVE][GameWorld][count_per_team=3]
[wall=1789996172][simulation=1812.010][MATCH][MINION_WAVE][GameWorld][count_per_team=3]
[wall=1789996184][simulation=1824.010][MATCH][MINION_WAVE][GameWorld][count_per_team=3]
[wall=1789996196][simulation=1836.010][MATCH][MINION_WAVE][GameWorld][count_per_team=3]
[wall=1789996208][simulation=1848.010][MATCH][MINION_WAVE][GameWorld][count_per_team=3]
[wall=1789996220][simulation=1860.010][MATCH][MINION_WAVE][GameWorld][count_per_team=3]
[wall=1789996232][simulation=1872.010][MATCH][MINION_WAVE][GameWorld][count_per_team=3]
[wall=1789996244][simulation=1884.010][MATCH][MINION_WAVE][GameWorld][count_per_team=3]
[wall=1789996256][simulation=1896.010][MATCH][MINION_WAVE][GameWorld][count_per_team=3]
[wall=1789996268][simulation=1908.010][MATCH][MINION_WAVE][GameWorld][count_per_team=3]
[wall=1789996280][simulation=1920.010][MATCH][MINION_WAVE][GameWorld][count_per_team=3]
[wall=1789996292][simulation=1932.010][MATCH][MINION_WAVE][GameWorld][count_per_team=3]
[wall=1789996304][simulation=1944.010][MATCH][MINION_WAVE][GameWorld][count_per_team=3]
[wall=1789996315][simulation=0.000][APP][EXIT][Application][]
[wall=1789996920][simulation=0.000][APP][WINDOW_CREATED][Application][]
[wall=1789996920][simulation=0.000][APP][DX11_READY][Renderer][]
[wall=1789996920][simulation=0.000][APP][HUD_READY][HUDRenderer][smoke=0]
[wall=1789996921][simulation=0.000][MATCH][MINION_WAVE][GameWorld][count_per_team=3]
[wall=1789996921][simulation=0.000][MATCH][START][GameWorld][seed=0xE4511E]
[wall=1789996921][simulation=0.100][BOT_FSM][STATE][BotHero][normal_decision]
[wall=1789996922][simulation=0.800][COMBAT][PROJECTILE_SPAWN][Red][kind=Ultimate]
[wall=1789996923][simulation=1.780][COMBAT][PROJECTILE_SPAWN][Red][kind=Basic]
[wall=1789996924][simulation=2.780][COMBAT][PROJECTILE_SPAWN][Red][kind=Basic]
[wall=1789996924][simulation=2.900][BOT_FSM][STATE][BotHero][normal_decision]
[wall=1789996925][simulation=3.780][COMBAT][PROJECTILE_SPAWN][Red][kind=Basic]
[wall=1789996926][simulation=4.780][COMBAT][PROJECTILE_SPAWN][Red][kind=Basic]
[wall=1789996927][simulation=5.780][COMBAT][PROJECTILE_SPAWN][Red][kind=Basic]
[wall=1789996928][simulation=6.780][COMBAT][PROJECTILE_SPAWN][Red][kind=Basic]
[wall=1789996929][simulation=7.780][COMBAT][PROJECTILE_SPAWN][Red][kind=Basic]
[wall=1789996930][simulation=8.780][COMBAT][PROJECTILE_SPAWN][Red][kind=Basic]
[wall=1789996931][simulation=9.780][COMBAT][PROJECTILE_SPAWN][Red][kind=Basic]
[wall=1789996931][simulation=9.790][COMBAT][HERO_DEATH][PlayerHero][attacker=Red]
[wall=1789996931][simulation=9.800][BOT_FSM][STATE][BotHero][normal_decision]
[wall=1789996932][simulation=10.780][COMBAT][PROJECTILE_SPAWN][Red][kind=Basic]
[wall=1789996933][simulation=11.780][COMBAT][PROJECTILE_SPAWN][Red][kind=Basic]
[wall=1789996933][simulation=12.000][MATCH][MINION_WAVE][GameWorld][count_per_team=3]
[wall=1789996934][simulation=12.780][COMBAT][PROJECTILE_SPAWN][Red][kind=Basic]
[wall=1789996935][simulation=13.780][COMBAT][PROJECTILE_SPAWN][Red][kind=Basic]
[wall=1789996936][simulation=14.780][COMBAT][PROJECTILE_SPAWN][Red][kind=Basic]
[wall=1789996936][simulation=14.790][COMBAT][HERO_RESPAWN][PlayerHero][]
[wall=1789996936][simulation=14.790][COMBAT][PROJECTILE_SPAWN][Red][kind=Ultimate]
[wall=1789996936][simulation=14.800][BOT_FSM][STATE][BotHero][normal_decision]
[wall=1789996937][simulation=15.780][COMBAT][PROJECTILE_SPAWN][Red][kind=Basic]
[wall=1789996938][simulation=16.780][COMBAT][PROJECTILE_SPAWN][Red][kind=Basic]
[wall=1789996938][simulation=16.790][COMBAT][HERO_DEATH][PlayerHero][attacker=Red]
[wall=1789996938][simulation=16.800][BOT_FSM][STATE][BotHero][normal_decision]
[wall=1789996938][simulation=16.930][BOT_FSM][ADVANCE_TO_RETREAT][BotHero][hp_ratio<=30%;tower_to_base_defensive_point]
[wall=1789996942][simulation=21.050][BOT_FSM][RETREAT_TO_RECOVER][BotHero][defensive_point_reached]
[wall=1789996943][simulation=21.790][COMBAT][HERO_RESPAWN][PlayerHero][]
[wall=1789996943][simulation=21.970][COMBAT][PROJECTILE_SPAWN][Blue][kind=Basic]
[wall=1789996945][simulation=24.000][MATCH][MINION_WAVE][GameWorld][count_per_team=3]
[wall=1789996950][simulation=28.550][COMBAT][PROJECTILE_SPAWN][Blue][kind=Basic]
[wall=1789996950][simulation=28.550][BOT_FSM][RECOVER_TO_ADVANCE][BotHero][hp_ratio>=55%]
[wall=1789996950][simulation=28.550][COMBAT][PROJECTILE_SPAWN][Red][kind=Basic]
[wall=1789996950][simulation=28.550][COMBAT][PROJECTILE_SPAWN][Red][kind=Ultimate]
[wall=1789996950][simulation=28.830][COMBAT][MINION_DEATH][Blue][attacker=Red]
[wall=1789996950][simulation=29.130][BOT_FSM][STATE][BotHero][normal_decision]
[wall=1789996951][simulation=29.550][COMBAT][PROJECTILE_SPAWN][Red][kind=Basic]
[wall=1789996951][simulation=29.600][COMBAT][MINION_DEATH][Blue][attacker=Red]
[wall=1789996951][simulation=29.830][COMBAT][PROJECTILE_SPAWN][Blue][kind=Basic]
[wall=1789996952][simulation=30.550][COMBAT][PROJECTILE_SPAWN][Red][kind=Basic]
[wall=1789996953][simulation=31.390][COMBAT][PROJECTILE_SPAWN][Blue][kind=Ultimate]
[wall=1789996953][simulation=31.410][BOT_FSM][ADVANCE_TO_RETREAT][BotHero][hp_ratio<=30%;tower_to_base_defensive_point]
[wall=1789996956][simulation=34.230][BOT_FSM][RETREAT_TO_RECOVER][BotHero][defensive_point_reached]
[wall=1789996956][simulation=34.280][COMBAT][PROJECTILE_SPAWN][Red][kind=Basic]
[wall=1789996956][simulation=34.390][COMBAT][HERO_DEATH][PlayerHero][attacker=Red]
[wall=1789996957][simulation=36.000][MATCH][MINION_WAVE][GameWorld][count_per_team=3]
[wall=1789996961][simulation=39.390][COMBAT][HERO_RESPAWN][PlayerHero][]
[wall=1789996964][simulation=42.750][COMBAT][PROJECTILE_SPAWN][Blue][kind=Ultimate]
[wall=1789996965][simulation=44.080][MATCH][TOWER_DESTROYED][Blue][]
[wall=1789996968][simulation=46.730][BOT_FSM][RECOVER_TO_ADVANCE][BotHero][hp_ratio>=55%]
[wall=1789996968][simulation=46.730][COMBAT][PROJECTILE_SPAWN][Red][kind=Ultimate]
[wall=1789996968][simulation=46.820][COMBAT][MINION_DEATH][Blue][attacker=Red]
[wall=1789996968][simulation=46.900][COMBAT][PROJECTILE_SPAWN][Red][kind=Basic]
[wall=1789996969][simulation=47.360][BOT_FSM][STATE][BotHero][normal_decision]
[wall=1789996969][simulation=47.900][COMBAT][PROJECTILE_SPAWN][Red][kind=Basic]
[wall=1789996969][simulation=48.010][MATCH][MINION_WAVE][GameWorld][count_per_team=3]
[wall=1789996970][simulation=48.900][COMBAT][PROJECTILE_SPAWN][Red][kind=Basic]
[wall=1789996971][simulation=49.900][COMBAT][PROJECTILE_SPAWN][Red][kind=Basic]
[wall=1789996972][simulation=50.830][COMBAT][PROJECTILE_SPAWN][Blue][kind=Basic]
[wall=1789996972][simulation=50.900][COMBAT][PROJECTILE_SPAWN][Red][kind=Basic]
[wall=1789996973][simulation=51.900][COMBAT][PROJECTILE_SPAWN][Red][kind=Basic]
[wall=1789996973][simulation=51.910][COMBAT][PROJECTILE_SPAWN][Blue][kind=Basic]
[wall=1789996973][simulation=51.930][BOT_FSM][ADVANCE_TO_RETREAT][BotHero][hp_ratio<=30%;tower_to_base_defensive_point]
[wall=1789996974][simulation=53.050][COMBAT][PROJECTILE_SPAWN][Blue][kind=Basic]
[wall=1789996975][simulation=53.200][COMBAT][HERO_DEATH][BotHero][attacker=Blue]
[wall=1789996975][simulation=53.210][BOT_FSM][STATE][BotHero][Dead]
[wall=1789996976][simulation=54.200][COMBAT][PROJECTILE_SPAWN][Blue][kind=Basic]
[wall=1789996976][simulation=54.790][MATCH][TOWER_DESTROYED][Red][]
[wall=1789996977][simulation=55.910][COMBAT][PROJECTILE_SPAWN][Blue][kind=Basic]
[wall=1789996978][simulation=56.930][COMBAT][PROJECTILE_SPAWN][Blue][kind=Basic]
[wall=1789996979][simulation=57.960][COMBAT][PROJECTILE_SPAWN][Blue][kind=Basic]
[wall=1789996980][simulation=59.000][COMBAT][PROJECTILE_SPAWN][Blue][kind=Basic]
[wall=1789996981][simulation=60.010][MATCH][MINION_WAVE][GameWorld][count_per_team=3]
[wall=1789996981][simulation=60.080][COMBAT][PROJECTILE_SPAWN][Blue][kind=Basic]
[wall=1789996982][simulation=60.200][COMBAT][HERO_RESPAWN][BotHero][]
[wall=1789996982][simulation=60.200][BOT_FSM][RESPAWN_RESET][BotHero][fsm_state_cleared]
[wall=1789996982][simulation=60.200][COMBAT][PROJECTILE_SPAWN][Red][kind=Basic]
[wall=1789996982][simulation=60.200][COMBAT][PROJECTILE_SPAWN][Red][kind=Ultimate]
[wall=1789996982][simulation=60.510][COMBAT][HERO_DEATH][PlayerHero][attacker=Red]
[wall=1789996982][simulation=60.530][BOT_FSM][STATE][BotHero][normal_decision]
[wall=1789996983][simulation=61.880][COMBAT][PROJECTILE_SPAWN][Red][kind=Basic]
[wall=1789996984][simulation=62.880][COMBAT][PROJECTILE_SPAWN][Red][kind=Basic]
[wall=1789996984][simulation=62.910][COMBAT][MINION_DEATH][Blue][attacker=Red]
[wall=1789996985][simulation=63.880][COMBAT][PROJECTILE_SPAWN][Red][kind=Basic]
[wall=1789996986][simulation=64.880][COMBAT][PROJECTILE_SPAWN][Red][kind=Basic]
[wall=1789996987][simulation=65.510][COMBAT][HERO_RESPAWN][PlayerHero][]
[wall=1789996987][simulation=65.530][BOT_FSM][STATE][BotHero][normal_decision]
[wall=1789996987][simulation=65.880][COMBAT][PROJECTILE_SPAWN][Red][kind=Basic]
[wall=1789996988][simulation=66.880][COMBAT][PROJECTILE_SPAWN][Red][kind=Basic]
[wall=1789996989][simulation=67.880][COMBAT][PROJECTILE_SPAWN][Red][kind=Basic]
[wall=1789996989][simulation=67.890][COMBAT][HERO_DEATH][PlayerHero][attacker=Red]
[wall=1789996989][simulation=67.930][BOT_FSM][STATE][BotHero][normal_decision]
[wall=1789996990][simulation=68.880][COMBAT][PROJECTILE_SPAWN][Red][kind=Basic]
[wall=1789996991][simulation=69.880][COMBAT][PROJECTILE_SPAWN][Red][kind=Basic]
[wall=1789996992][simulation=70.880][COMBAT][PROJECTILE_SPAWN][Red][kind=Basic]
[wall=1789996993][simulation=71.880][COMBAT][PROJECTILE_SPAWN][Red][kind=Basic]
[wall=1789996993][simulation=72.010][MATCH][MINION_WAVE][GameWorld][count_per_team=3]
[wall=1789996994][simulation=72.880][COMBAT][PROJECTILE_SPAWN][Red][kind=Basic]
[wall=1789996994][simulation=72.890][COMBAT][HERO_RESPAWN][PlayerHero][]
[wall=1789996994][simulation=72.890][COMBAT][PROJECTILE_SPAWN][Red][kind=Ultimate]
[wall=1789996994][simulation=72.930][BOT_FSM][STATE][BotHero][normal_decision]
[wall=1789996995][simulation=73.880][COMBAT][PROJECTILE_SPAWN][Red][kind=Basic]
[wall=1789996996][simulation=74.880][COMBAT][PROJECTILE_SPAWN][Red][kind=Basic]
[wall=1789996996][simulation=75.110][COMBAT][PROJECTILE_SPAWN][Blue][kind=Ultimate]
[wall=1789996997][simulation=75.880][COMBAT][PROJECTILE_SPAWN][Red][kind=Basic]
[wall=1789996997][simulation=75.890][COMBAT][HERO_DEATH][PlayerHero][attacker=Red]
[wall=1789996997][simulation=75.930][BOT_FSM][STATE][BotHero][normal_decision]
[wall=1789996998][simulation=76.880][COMBAT][PROJECTILE_SPAWN][Red][kind=Basic]
[wall=1789996998][simulation=77.000][MATCH][BASE_DESTROYED][Blue][]
[wall=1789996998][simulation=77.010][MATCH][END][GameWorld][Defeat]
[wall=1789997000][simulation=0.000][MATCH][MINION_WAVE][GameWorld][count_per_team=3]
[wall=1789997000][simulation=0.000][MATCH][START][GameWorld][seed=0xE4511E]
[wall=1789997001][simulation=0.100][BOT_FSM][STATE][BotHero][normal_decision]
[wall=1789997001][simulation=0.780][COMBAT][PROJECTILE_SPAWN][Red][kind=Ultimate]
[wall=1789997002][simulation=1.300][COMBAT][MINION_DEATH][Blue][attacker=Red]
[wall=1789997002][simulation=1.730][COMBAT][PROJECTILE_SPAWN][Red][kind=Basic]
[wall=1789997003][simulation=2.400][BOT_FSM][STATE][BotHero][normal_decision]
[wall=1789997003][simulation=2.730][COMBAT][PROJECTILE_SPAWN][Red][kind=Basic]
[wall=1789997004][simulation=3.730][COMBAT][PROJECTILE_SPAWN][Red][kind=Basic]
[wall=1789997005][simulation=4.730][COMBAT][PROJECTILE_SPAWN][Red][kind=Basic]
[wall=1789997006][simulation=5.730][COMBAT][PROJECTILE_SPAWN][Red][kind=Basic]
[wall=1789997007][simulation=6.730][COMBAT][PROJECTILE_SPAWN][Red][kind=Basic]
[wall=1789997008][simulation=7.730][COMBAT][PROJECTILE_SPAWN][Red][kind=Basic]
[wall=1789997008][simulation=7.740][COMBAT][HERO_DEATH][PlayerHero][attacker=Red]
[wall=1789997008][simulation=7.800][BOT_FSM][STATE][BotHero][normal_decision]
[wall=1789997009][simulation=8.730][COMBAT][PROJECTILE_SPAWN][Red][kind=Basic]
[wall=1789997010][simulation=9.730][COMBAT][PROJECTILE_SPAWN][Red][kind=Basic]
[wall=1789997011][simulation=10.730][COMBAT][PROJECTILE_SPAWN][Red][kind=Basic]
[wall=1789997012][simulation=11.730][COMBAT][PROJECTILE_SPAWN][Red][kind=Basic]
[wall=1789997012][simulation=12.000][MATCH][MINION_WAVE][GameWorld][count_per_team=3]
[wall=1789997013][simulation=12.730][COMBAT][PROJECTILE_SPAWN][Red][kind=Basic]
[wall=1789997013][simulation=12.740][COMBAT][HERO_RESPAWN][PlayerHero][]
[wall=1789997013][simulation=12.740][COMBAT][PROJECTILE_SPAWN][Red][kind=Ultimate]
[wall=1789997013][simulation=12.800][BOT_FSM][STATE][BotHero][normal_decision]
[wall=1789997014][simulation=13.730][COMBAT][PROJECTILE_SPAWN][Red][kind=Basic]
[wall=1789997015][simulation=0.000][APP][EXIT][Application][]
