 PenguinRift_Training

 Timestamp is 6a645a58 (Sat Jul 25 15:40:24 2026)

 Preferred load address is 0000000140000000

 Start         Length     Name                   Class
 0001:00000000 00005c15H .text                   CODE
 0002:00000000 000005b5H .rdata                  DATA
 0003:00000000 00000010H .data                   DATA
 0003:00000010 00000df0H .bss                    DATA

  Address         Publics by Value              Rva+Base               Lib:Object

 0001:00000000       memset                     0000000140001000     PenguinRift_Training.obj
 0001:00000060       memcpy                     0000000140001060     PenguinRift_Training.obj
 0001:000000d0       Challenge_TransformKey     00000001400010d0     PenguinRift_Training.obj
 0001:00000160       Challenge_CheckUnlock      0000000140001160     PenguinRift_Training.obj
 0001:00000190       Challenge_GrantScore       0000000140001190     PenguinRift_Training.obj
 0001:000001c0       Challenge_GetMarker        00000001400011c0     PenguinRift_Training.obj
 0001:00000210       mainCRTStartup             0000000140001210     PenguinRift_Training.obj
 0001:00005c20       CloseHandle                0000000140006c20     kernel32:KERNEL32.dll
 0001:00005c30       CreateFileA                0000000140006c30     kernel32:KERNEL32.dll
 0001:00005c40       ExitProcess                0000000140006c40     kernel32:KERNEL32.dll
 0001:00005c50       GetProcAddress             0000000140006c50     kernel32:KERNEL32.dll
 0001:00005c60       IsDebuggerPresent          0000000140006c60     kernel32:KERNEL32.dll
 0001:00005c70       LoadLibraryA               0000000140006c70     kernel32:KERNEL32.dll
 0001:00005c80       ReadFile                   0000000140006c80     kernel32:KERNEL32.dll
 0001:00005c90       WriteFile                  0000000140006c90     kernel32:KERNEL32.dll
 0001:00005ca0       MessageBoxA                0000000140006ca0     user32:USER32.dll
 0002:00000135       ??_C@_0BF@NOJNMLJM@INVALID_MARKER_INDEX?$AA@ 0000000140007135     PenguinRift_Training.obj
 0002:0000014a       ??_C@_0CA@JJOALLDJ@Penguin?5Rift?5?9?5missing?5SDL2?4dll?$AA@ 000000014000714a     PenguinRift_Training.obj
 0002:0000016a       ??_C@_0GE@IFKIGGPC@SDL2?4dll?5was?5not?5found?4?5Run?5RUN_@ 000000014000716a     PenguinRift_Training.obj
 0002:000001ce       ??_C@_0N@NCCIBHOF@Penguin?5Rift?$AA@ 00000001400071ce     PenguinRift_Training.obj
 0002:000001db       ??_C@_0CC@FFPNLENF@SDL2?5video?5initialization?5failed@ 00000001400071db     PenguinRift_Training.obj
 0002:000001fd       ??_C@_0CC@BBDBHIDI@Penguin?5Rift?5?9?5SDL2?5Reversing?5La@ 00000001400071fd     PenguinRift_Training.obj
 0002:0000021f       ??_C@_0BE@CEJBHIPB@PATCH_ME_LEVEL_GATE?$AA@ 000000014000721f     PenguinRift_Training.obj
 0002:00000233       ??_C@_0BL@JGEELADB@REVERSE_CHALLENGE_UNLOCKED?$AA@ 0000000140007233     PenguinRift_Training.obj
 0002:0000024e       ??_C@_0BD@KIGCGPBP@F10_DEBUG_HITBOXES?$AA@ 000000014000724e     PenguinRift_Training.obj
 0002:00000261       ??_C@_0BC@EHCCNOFH@F6_CHECKS_ICE_KEY?$AA@ 0000000140007261     PenguinRift_Training.obj
 0002:00000273       ??_C@_0BD@MIJJDIEK@SCORE_COMPARE_7777?$AA@ 0000000140007273     PenguinRift_Training.obj
 0002:00000286       ??_C@_0BI@JNDEADDC@PENGUIN_RIFT_BUILD_2026?$AA@ 0000000140007286     PenguinRift_Training.obj
 0002:0000029e       ??_C@_08HHNHAEIA@SDL2?4dll?$AA@ 000000014000729e     PenguinRift_Training.obj
 0002:000002a7       ??_C@_08DMCAJIP@SDL_Init?$AA@ 00000001400072a7     PenguinRift_Training.obj
 0002:000002b0       ??_C@_08NEEKAFFC@SDL_Quit?$AA@ 00000001400072b0     PenguinRift_Training.obj
 0002:000002b9       ??_C@_0BB@LBKNHGAD@SDL_CreateWindow?$AA@ 00000001400072b9     PenguinRift_Training.obj
 0002:000002ca       ??_C@_0BC@HHOKDAEI@SDL_DestroyWindow?$AA@ 00000001400072ca     PenguinRift_Training.obj
 0002:000002dc       ??_C@_0BD@KBAIJMEL@SDL_CreateRenderer?$AA@ 00000001400072dc     PenguinRift_Training.obj
 0002:000002ef       ??_C@_0BE@CNDKCIGH@SDL_DestroyRenderer?$AA@ 00000001400072ef     PenguinRift_Training.obj
 0002:00000303       ??_C@_0O@LEMMINB@SDL_PollEvent?$AA@ 0000000140007303     PenguinRift_Training.obj
 0002:00000311       ??_C@_0BF@GEFHNIOJ@SDL_GetKeyboardState?$AA@ 0000000140007311     PenguinRift_Training.obj
 0002:00000326       ??_C@_0N@LDACAFEN@SDL_GetTicks?$AA@ 0000000140007326     PenguinRift_Training.obj
 0002:00000333       ??_C@_09GFIECNGB@SDL_Delay?$AA@ 0000000140007333     PenguinRift_Training.obj
 0002:0000033d       ??_C@_0BH@IKJCCODC@SDL_SetRenderDrawColor?$AA@ 000000014000733d     PenguinRift_Training.obj
 0002:00000354       ??_C@_0BA@KGJAHIDJ@SDL_RenderClear?$AA@ 0000000140007354     PenguinRift_Training.obj
 0002:00000364       ??_C@_0BD@NLNJECJL@SDL_RenderFillRect?$AA@ 0000000140007364     PenguinRift_Training.obj
 0002:00000377       ??_C@_0BD@NMDINEPI@SDL_RenderDrawRect?$AA@ 0000000140007377     PenguinRift_Training.obj
 0002:0000038a       ??_C@_0BD@BCDPPCOA@SDL_RenderDrawLine?$AA@ 000000014000738a     PenguinRift_Training.obj
 0002:0000039d       ??_C@_0BC@ELHLPCGD@SDL_RenderPresent?$AA@ 000000014000739d     PenguinRift_Training.obj
 0002:000003af       ??_C@_0BD@DJAMHNMM@SDL_SetWindowTitle?$AA@ 00000001400073af     PenguinRift_Training.obj
 0002:000003c2       ??_C@_0BL@IGBPIDH@SDL_SetRenderDrawBlendMode?$AA@ 00000001400073c2     PenguinRift_Training.obj
 0002:000003dd       ??_C@_0BD@GDHBFFML@SDL_StartTextInput?$AA@ 00000001400073dd     PenguinRift_Training.obj
 0002:000003f0       ??_C@_0BC@KDBGGAEJ@SDL_StopTextInput?$AA@ 00000001400073f0     PenguinRift_Training.obj
 0002:00000402       ??_C@_0BJ@DKNBJINO@penguin_rift_records?4dat?$AA@ 0000000140007402     PenguinRift_Training.obj
 0002:0000041b       ??_C@_0BC@ONKEMBEG@security_fact2026?$AA@ 000000014000741b     PenguinRift_Training.obj
 0002:0000042d       ??_C@_0N@GHFPCFHA@PLAYER?5LOGIN?$AA@ 000000014000742d     PenguinRift_Training.obj
 0002:0000043a       ??_C@_0BA@HDBPMMMJ@ENTER?5YOUR?5NAME?$AA@ 000000014000743a     PenguinRift_Training.obj
 0002:0000044a       ??_C@_09HOFJGBL@TYPE?5NAME?$AA@ 000000014000744a     PenguinRift_Training.obj
 0002:00000454       ??_C@_0BF@KFMEHOLI@PRESS?5ENTER?5TO?5START?$AA@ 0000000140007454     PenguinRift_Training.obj
 0002:00000469       ??_C@_0BA@EGEDIGNI@RECORD?5PASSWORD?$AA@ 0000000140007469     PenguinRift_Training.obj
 0002:00000479       ??_C@_0P@OICFEALE@ENTER?5PASSWORD?$AA@ 0000000140007479     PenguinRift_Training.obj
 0002:00000488       ??_C@_0P@LFHLBGNF@WRONG?5PASSWORD?$AA@ 0000000140007488     PenguinRift_Training.obj
 0002:00000497       ??_C@_0BG@EBHMFKKE@ENTER?5OPEN?5?5F7?5CANCEL?$AA@ 0000000140007497     PenguinRift_Training.obj
 0002:000004ad       ??_C@_01LFCBOECM@?4?$AA@   00000001400074ad     PenguinRift_Training.obj
 0002:000004af       ??_C@_0O@FMOHJHEF@LOCAL?5RECORDS?$AA@ 00000001400074af     PenguinRift_Training.obj
 0002:000004bd       ??_C@_06BEJGECAN@PLAYER?$AA@ 00000001400074bd     PenguinRift_Training.obj
 0002:000004c4       ??_C@_04OHBONDIN@TIME?$AA@ 00000001400074c4     PenguinRift_Training.obj
 0002:000004c9       ??_C@_05PKDFAPGJ@SCORE?$AA@ 00000001400074c9     PenguinRift_Training.obj
 0002:000004cf       ??_C@_0BE@KECBJIPP@RECORD?5FILE?5INVALID?$AA@ 00000001400074cf     PenguinRift_Training.obj
 0002:000004e3       ??_C@_0L@CIFIFHOJ@NO?5RECORDS?$AA@ 00000001400074e3     PenguinRift_Training.obj
 0002:000004ee       ??_C@_08MAIHFMGM@F7?5CLOSE?$AA@ 00000001400074ee     PenguinRift_Training.obj
 0002:000004f7       ??_C@_01JLIPDDHJ@?3?$AA@   00000001400074f7     PenguinRift_Training.obj
 0002:000004f9       ??_C@_05GCEPFMCO@LEVEL?$AA@ 00000001400074f9     PenguinRift_Training.obj
 0002:000004ff       ??_C@_05GKOFLPLB@LIVES?$AA@ 00000001400074ff     PenguinRift_Training.obj
 0002:00000505       ??_C@_03MHHFLPIN@ICE?$AA@  0000000140007505     PenguinRift_Training.obj
 0002:00000509       ??_C@_0L@HHAFHDMA@F7?5RECORDS?$AA@ 0000000140007509     PenguinRift_Training.obj
 0002:00000514       ??_C@_05KOLFGEDA@DEBUG?$AA@ 0000000140007514     PenguinRift_Training.obj
 0002:0000051a       ??_C@_0BM@FKDHHBPD@A?5D?5MOVE?5?5SPACE?5JUMP?5?5Z?5ICE?$AA@ 000000014000751a     PenguinRift_Training.obj
 0002:00000536       ??_C@_0L@CEIMAFBF@RIFT?5CLEAR?$AA@ 0000000140007536     PenguinRift_Training.obj
 0002:00000541       ??_C@_09MAOEPLNL@GAME?5OVER?$AA@ 0000000140007541     PenguinRift_Training.obj
 0002:0000054b       ??_C@_07DCOPNMHA@PRESS?5R?$AA@ 000000014000754b     PenguinRift_Training.obj
 0002:00000553       ??_C@_07LIBOJIHE@YOU?5WIN?$AA@ 0000000140007553     PenguinRift_Training.obj
 0002:0000055b       ??_C@_0BC@IDPJFDBI@REVERSE?5CHALLENGE?$AA@ 000000014000755b     PenguinRift_Training.obj
 0002:0000056d       ??_C@_07FDAAJNOC@PRESS?5A?$AA@ 000000014000756d     PenguinRift_Training.obj
 0002:00000575       ??_C@_0M@EPJPEOA@TRUE?5ENDING?$AA@ 0000000140007575     PenguinRift_Training.obj
 0002:00000581       ??_C@_0BD@CHBMDFNF@THE?5RIFT?5IS?5SEALED?$AA@ 0000000140007581     PenguinRift_Training.obj
 0002:00000594       ??_C@_0L@EDEDHECP@CLEAR?5TIME?$AA@ 0000000140007594     PenguinRift_Training.obj
 0002:0000059f       ??_C@_0BG@CFJGKPDF@F7?5RECORDS?5?5R?5RESTART?$AA@ 000000014000759f     PenguinRift_Training.obj
 0002:00000800       __imp_CloseHandle          0000000140007800     kernel32:KERNEL32.dll
 0002:00000808       __imp_CreateFileA          0000000140007808     kernel32:KERNEL32.dll
 0002:00000810       __imp_ExitProcess          0000000140007810     kernel32:KERNEL32.dll
 0002:00000818       __imp_GetProcAddress       0000000140007818     kernel32:KERNEL32.dll
 0002:00000820       __imp_IsDebuggerPresent    0000000140007820     kernel32:KERNEL32.dll
 0002:00000828       __imp_LoadLibraryA         0000000140007828     kernel32:KERNEL32.dll
 0002:00000830       __imp_ReadFile             0000000140007830     kernel32:KERNEL32.dll
 0002:00000838       __imp_WriteFile            0000000140007838     kernel32:KERNEL32.dll
 0002:00000848       __imp_MessageBoxA          0000000140007848     user32:USER32.dll
 0003:00000000       g_LevelGate                0000000140008000     PenguinRift_Training.obj
 0003:00000004       g_IceKey                   0000000140008004     PenguinRift_Training.obj
 0003:00000010       _fltused                   0000000140008010     PenguinRift_Training.obj
 0003:00000014       g_ReversingScore           0000000140008014     PenguinRift_Training.obj
 0003:00000018       g_DebugView                0000000140008018     PenguinRift_Training.obj
 0003:0000001c       g_DebuggerObserved         000000014000801c     PenguinRift_Training.obj

 entry point at         0001:00000210

 Static symbols

 0001:00000130       ?RotL32@@YAIII@Z           0000000140001130     PenguinRift_Training.obj
 0001:000005c0       ?LoadSDL2@@YA_NXZ          00000001400015c0     PenguinRift_Training.obj
 0001:00000980       ?ClearRecordMemory@@YAXXZ  0000000140001980     PenguinRift_Training.obj
 0001:000009d0       ?HandleTextInputEvent@@YAXAEBTSDL_Event@@@Z 00000001400019d0     PenguinRift_Training.obj
 0001:00000a60       ?BeginPasswordEntry@@YAXXZ 0000000140001a60     PenguinRift_Training.obj
 0001:00000aa0       ?UpdateGame@@YAXPEBE@Z     0000000140001aa0     PenguinRift_Training.obj
 0001:00000e90       ?UpdateTextScreen@@YAXPEBE@Z 0000000140001e90     PenguinRift_Training.obj
 0001:00000f90       ?RenderGame@@YAXXZ         0000000140001f90     PenguinRift_Training.obj
 0001:00001000       ?AppendLoginCharacter@@YAXD@Z 0000000140002000     PenguinRift_Training.obj
 0001:000010e0       ?AppendPasswordCharacter@@YAXD@Z 00000001400020e0     PenguinRift_Training.obj
 0001:00001140       ?NewGame@@YAXXZ            0000000140002140     PenguinRift_Training.obj
 0001:00001200       ?TriggerOneSecondTrueEnding@@YAXXZ 0000000140002200     PenguinRift_Training.obj
 0001:00001270       ?BackdoorGoToStage@@YAXH@Z 0000000140002270     PenguinRift_Training.obj
 0001:000012f0       ?EnterHiddenStage@@YAXXZ   00000001400022f0     PenguinRift_Training.obj
 0001:00001320       ?UpdatePlayer@@YAXPEBE@Z   0000000140002320     PenguinRift_Training.obj
 0001:00001560       ?UpdateEnemies@@YAXXZ      0000000140002560     PenguinRift_Training.obj
 0001:000017b0       ?UpdateShots@@YAXXZ        00000001400027b0     PenguinRift_Training.obj
 0001:00001a10       ?UpdateCrystals@@YAXXZ     0000000140002a10     PenguinRift_Training.obj
 0001:00001b30       ?UpdateParticles@@YAXXZ    0000000140002b30     PenguinRift_Training.obj
 0001:00001bd0       ?RemainingEnemies@@YAHXZ   0000000140002bd0     PenguinRift_Training.obj
 0001:00001c20       ?AddLocalRecord@@YAXPEBDIH@Z 0000000140002c20     PenguinRift_Training.obj
 0001:00001dd0       ?SetupLevel@@YAXH@Z        0000000140002dd0     PenguinRift_Training.obj
 0001:000024f0       ?ResetPlayer@@YAX_N@Z      00000001400034f0     PenguinRift_Training.obj
 0001:00002570       ?SetupHiddenStage@@YAXXZ   0000000140003570     PenguinRift_Training.obj
 0001:00002870       ?ClearEntities@@YAXXZ      0000000140003870     PenguinRift_Training.obj
 0001:00002970       ?AddPlatform@@YAXHHHH@Z    0000000140003970     PenguinRift_Training.obj
 0001:000029f0       ?AddEnemy@@YAXHHHHH@Z      00000001400039f0     PenguinRift_Training.obj
 0001:00002ab0       ?AddCrystal@@YAXHH@Z       0000000140003ab0     PenguinRift_Training.obj
 0001:00002b30       ?NextRandom@@YAIXZ         0000000140003b30     PenguinRift_Training.obj
 0001:00002b80       ?Clamp@@YAHHHH@Z           0000000140003b80     PenguinRift_Training.obj
 0001:00002be0       ?FireShot@@YAXXZ           0000000140003be0     PenguinRift_Training.obj
 0001:00002cd0       ?Min@@YAHHH@Z              0000000140003cd0     PenguinRift_Training.obj
 0001:00002d10       ?MovePlayerHorizontal@@YAXXZ 0000000140003d10     PenguinRift_Training.obj
 0001:00002e50       ?MovePlayerVertical@@YAXXZ 0000000140003e50     PenguinRift_Training.obj
 0001:00002fe0       ?DamagePlayer@@YAXXZ       0000000140003fe0     PenguinRift_Training.obj
 0001:00003080       ?Intersects@@YA_NHHHHHHHH@Z 0000000140004080     PenguinRift_Training.obj
 0001:00003110       ?SpawnParticles@@YAXHHHH@Z 0000000140004110     PenguinRift_Training.obj
 0001:00003240       ?Abs@@YAHH@Z               0000000140004240     PenguinRift_Training.obj
 0001:00003270       ?EnsureRecordsLoaded@@YAXXZ 0000000140004270     PenguinRift_Training.obj
 0001:00003290       ?CopyText@@YAXPEADPEBDH@Z  0000000140004290     PenguinRift_Training.obj
 0001:00003340       ?SaveLocalRecords@@YA_NXZ  0000000140004340     PenguinRift_Training.obj
 0001:000034c0       ?LoadLocalRecords@@YA_NXZ  00000001400044c0     PenguinRift_Training.obj
 0001:000036d0       ?PasswordCrypt@@YAXPEAEI@Z 00000001400046d0     PenguinRift_Training.obj
 0001:00003760       ?DatabaseChecksum@@YAIAEBURecordDatabase@@@Z 0000000140004760     PenguinRift_Training.obj
 0001:000037e0       ?TextLength@@YAHPEBD@Z     00000001400047e0     PenguinRift_Training.obj
 0001:00003820       ?FinishPlayerLogin@@YAXXZ  0000000140004820     PenguinRift_Training.obj
 0001:00003850       ?CheckRecordPassword@@YAXXZ 0000000140004850     PenguinRift_Training.obj
 0001:000038c0       ?TextEquals@@YA_NPEBD0@Z   00000001400048c0     PenguinRift_Training.obj
 0001:00003980       ?DrawBackground@@YAXXZ     0000000140004980     PenguinRift_Training.obj
 0001:00003bc0       ?DrawLoginScreen@@YAXXZ    0000000140004bc0     PenguinRift_Training.obj
 0001:00003d50       ?DrawPasswordScreen@@YAXXZ 0000000140004d50     PenguinRift_Training.obj
 0001:00003f00       ?DrawRecordsScreen@@YAXXZ  0000000140004f00     PenguinRift_Training.obj
 0001:000041a0       ?DrawPlatforms@@YAXXZ      00000001400051a0     PenguinRift_Training.obj
 0001:00004330       ?DrawEntities@@YAXXZ       0000000140005330     PenguinRift_Training.obj
 0001:000046b0       ?DrawHUD@@YAXXZ            00000001400056b0     PenguinRift_Training.obj
 0001:00004b00       ?DrawOverlay@@YAXXZ        0000000140005b00     PenguinRift_Training.obj
 0001:00004f90       ?SetColor@@YAXEEEE@Z       0000000140005f90     PenguinRift_Training.obj
 0001:00004fe0       ?Fill@@YAXHHHH@Z           0000000140005fe0     PenguinRift_Training.obj
 0001:00005030       ?DrawText@@YAXHHPEBDH@Z    0000000140006030     PenguinRift_Training.obj
 0001:000050d0       ?DrawCursor@@YAXHHH@Z      00000001400060d0     PenguinRift_Training.obj
 0001:00005120       ?DrawChar@@YAXHHDH@Z       0000000140006120     PenguinRift_Training.obj
 0001:000051e0       ?Glyph@@YAGD@Z             00000001400061e0     PenguinRift_Training.obj
 0001:000053f0       ?DrawPasswordMask@@YAXHHHH@Z 00000001400063f0     PenguinRift_Training.obj
 0001:00005460       ?DrawNumber@@YAXHHHHH@Z    0000000140006460     PenguinRift_Training.obj
 0001:00005590       ?DrawTimeMs@@YAXHHIH@Z     0000000140006590     PenguinRift_Training.obj
 0001:000056a0       ?DrawEnemy@@YAXAEBUEnemy@@@Z 00000001400066a0     PenguinRift_Training.obj
 0001:00005900       ?Outline@@YAXHHHH@Z        0000000140006900     PenguinRift_Training.obj
 0001:00005950       ?DrawPenguin@@YAXHHHH@Z    0000000140006950     PenguinRift_Training.obj
 0001:00005bc0       ?DecodeSecret@@YAXPEAD@Z   0000000140006bc0     PenguinRift_Training.obj
 0002:000000f0       kReverseMarkers            00000001400070f0     PenguinRift_Training.obj
 0002:00000120       ?encoded@?1??DecodeSecret@@YAXPEAD@Z@4QBEB 0000000140007120     PenguinRift_Training.obj
 0003:00000008       g_level                    0000000140008008     PenguinRift_Training.obj
 0003:0000000c       g_rng                      000000014000800c     PenguinRift_Training.obj
 0003:00000020       g_sdl                      0000000140008020     PenguinRift_Training.obj
 0003:000000c0       g_window                   00000001400080c0     PenguinRift_Training.obj
 0003:000000c8       g_renderer                 00000001400080c8     PenguinRift_Training.obj
 0003:000000d0       g_screenMode               00000001400080d0     PenguinRift_Training.obj
 0003:000000d4       g_playerName               00000001400080d4     PenguinRift_Training.obj
 0003:000000f0       g_passwordInput            00000001400080f0     PenguinRift_Training.obj
 0003:00000110       g_frameCounter             0000000140008110     PenguinRift_Training.obj
 0003:00000114       g_prevF7                   0000000140008114     PenguinRift_Training.obj
 0003:00000118       g_localRecordCount         0000000140008118     PenguinRift_Training.obj
 0003:00000120       g_localRecords             0000000140008120     PenguinRift_Training.obj
 0003:00000210       g_playerNameLength         0000000140008210     PenguinRift_Training.obj
 0003:00000214       g_passwordLength           0000000140008214     PenguinRift_Training.obj
 0003:00000218       g_passwordErrorTimer       0000000140008218     PenguinRift_Training.obj
 0003:0000021c       g_prevRestart              000000014000821c     PenguinRift_Training.obj
 0003:00000220       g_prevConfirm              0000000140008220     PenguinRift_Training.obj
 0003:00000224       g_prevBackdoor             0000000140008224     PenguinRift_Training.obj
 0003:00000228       g_prevF6                   0000000140008228     PenguinRift_Training.obj
 0003:0000022c       g_prevF10                  000000014000822c     PenguinRift_Training.obj
 0003:00000230       g_state                    0000000140008230     PenguinRift_Training.obj
 0003:00000234       g_runElapsedMs             0000000140008234     PenguinRift_Training.obj
 0003:00000238       g_inHiddenStage            0000000140008238     PenguinRift_Training.obj
 0003:0000023c       g_secretTimer              000000014000823c     PenguinRift_Training.obj
 0003:00000240       g_levelClearTimer          0000000140008240     PenguinRift_Training.obj
 0003:00000244       g_recordSavedThisRun       0000000140008244     PenguinRift_Training.obj
 0003:00000248       g_player                   0000000140008248     PenguinRift_Training.obj
 0003:00000274       g_lastClearTimeMs          0000000140008274     PenguinRift_Training.obj
 0003:00000278       g_prevJump                 0000000140008278     PenguinRift_Training.obj
 0003:0000027c       g_prevAttack               000000014000827c     PenguinRift_Training.obj
 0003:00000280       g_enemies                  0000000140008280     PenguinRift_Training.obj
 0003:00000430       g_shots                    0000000140008430     PenguinRift_Training.obj
 0003:00000520       g_crystals                 0000000140008520     PenguinRift_Training.obj
 0003:00000620       g_particles                0000000140008620     PenguinRift_Training.obj
 0003:00000d20       g_platformCount            0000000140008d20     PenguinRift_Training.obj
 0003:00000d24       g_enemyCount               0000000140008d24     PenguinRift_Training.obj
 0003:00000d28       g_crystalCount             0000000140008d28     PenguinRift_Training.obj
 0003:00000d30       g_platforms                0000000140008d30     PenguinRift_Training.obj
 0003:00000df0       g_recordFileInvalid        0000000140008df0     PenguinRift_Training.obj
 0003:00000df4       g_recordsLoaded            0000000140008df4     PenguinRift_Training.obj
 0003:00000df8       g_prevBackspace            0000000140008df8     PenguinRift_Training.obj
 0003:00000dfc       g_prevEnter                0000000140008dfc     PenguinRift_Training.obj
